MPLINK 4.48, Linker
Linker Map File - Created Sat Nov  1 18:49:48 2014

                                 Section Info
                  Section       Type    Address   Location Size(Bytes)
                ---------  ---------  ---------  ---------  ---------
               _entry_scn       code   0x000000    program   0x000006
    HIGH_INTERRUPT_VECTOR       code   0x000008    program   0x000006
     LOW_INTERRUPT_VECTOR       code   0x000018    program   0x000006
    REMAPPED_RESET_VECTOR       code   0x001000    program   0x000006
REMAPPED_HIGH_INTERRUPT_VECTOR       code   0x001008    program   0x000006
REMAPPED_LOW_INTERRUPT_VECTOR       code   0x001018    program   0x000006
                   .cinit    romdata   0x00102a    program   0x00000e
       .code_usb_device.o       code   0x001038    program   0x000d0e
         .code_vfprintf.o       code   0x001d46    program   0x000c22
            .code_main2.o       code   0x002968    program   0x00072a
 .code_usb_function_cdc.o       code   0x003092    program   0x0003e8
                   STRING       code   0x00347a    program   0x000138
.romdata_usb_descriptors.o    romdata   0x0035b2    program   0x0000c9
      .romdata_i2c_writ.o    romdata   0x00367b    program   0x000000
      .idata_i2c_writ.o_i    romdata   0x00367b    program   0x000000
        .idata_t2open.o_i    romdata   0x00367b    program   0x000000
      .romdata_i2c_idle.o    romdata   0x00367b    program   0x000000
      .idata_i2c_idle.o_i    romdata   0x00367b    program   0x000000
       .romdata_sprintf.o    romdata   0x00367b    program   0x000000
    .idata__user_putc.o_i    romdata   0x00367b    program   0x000000
    .romdata__user_putc.o    romdata   0x00367b    program   0x000000
         .idata_c018i.o_i    romdata   0x00367b    program   0x000000
         .romdata_c018i.o    romdata   0x00367b    program   0x000000
.idata_usb_function_cdc.o_i    romdata   0x00367b    program   0x000000
.romdata_usb_function_cdc.o    romdata   0x00367b    program   0x000000
          .code_sprintf.o       code   0x00367c    program   0x0000ac
            .code_c018i.o       code   0x00367c    program   0x000000
               _cinit_scn       code   0x003728    program   0x00009e
             .code_putc.o       code   0x0037c6    program   0x000084
         .code_i2c_writ.o       code   0x00384a    program   0x000072
          .code_fxm3232.o       code   0x0038bc    program   0x000070
          .code_adcopen.o       code   0x00392c    program   0x00006e
                     PROG       code   0x00399a    program   0x00005a
             .stringtable    romdata   0x0039f4    program   0x000049
      .romdata_i2c_read.o    romdata   0x003a3d    program   0x000000
      .idata_i2c_read.o_i    romdata   0x003a3d    program   0x000000
    .romdata_usb_device.o    romdata   0x003a3d    program   0x000000
    .idata_usb_device.o_i    romdata   0x003a3d    program   0x000000
       .idata_sprintf.o_i    romdata   0x003a3d    program   0x000000
          .romdata_putc.o    romdata   0x003a3d    program   0x000000
       .romdata_adcopen.o    romdata   0x003a3d    program   0x000000
       .idata_adcopen.o_i    romdata   0x003a3d    program   0x000000
       .idata_fxm3232.o_i    romdata   0x003a3d    program   0x000000
       .romdata_fxm3232.o    romdata   0x003a3d    program   0x000000
        .idata___init.o_i    romdata   0x003a3d    program   0x000000
        .romdata___init.o    romdata   0x003a3d    program   0x000000
         .code_fxd3232u.o       code   0x003a3e    program   0x000048
           .code_t2open.o       code   0x003a86    program   0x000036
         .code_i2c_open.o       code   0x003abc    program   0x000036
             D10KTCYXCODE       code   0x003af2    program   0x00002e
                    CTYPE       code   0x003b20    program   0x000024
                    .code       code   0x003b44    program   0x000020
             _startup_scn       code   0x003b64    program   0x00001c
                    STDIO       code   0x003b80    program   0x00001c
         .code_i2c_read.o       code   0x003b9c    program   0x00001a
      .romdata_vfprintf.o    romdata   0x003bb6    program   0x000011
      .idata_fxd3232u.o_i    romdata   0x003bc7    program   0x000000
      .romdata_fxd3232u.o    romdata   0x003bc7    program   0x000000
          .idata_putc.o_i    romdata   0x003bc7    program   0x000000
         .romdata_main2.o    romdata   0x003bc7    program   0x000000
      .idata_vfprintf.o_i    romdata   0x003bc7    program   0x000000
      .idata_adcclose.o_i    romdata   0x003bc7    program   0x000000
        .romdata_t2open.o    romdata   0x003bc7    program   0x000000
      .romdata_adcclose.o    romdata   0x003bc7    program   0x000000
      .romdata_i2c_open.o    romdata   0x003bc7    program   0x000000
      .idata_i2c_open.o_i    romdata   0x003bc7    program   0x000000
.idata_usb_descriptors.o_i    romdata   0x003bc7    program   0x000000
         .code_i2c_idle.o       code   0x003bc8    program   0x00000e
  .code_usb_descriptors.o       code   0x003bc8    program   0x000000
         .code_adcclose.o       code   0x003bd6    program   0x000006
       .code__user_putc.o       code   0x003bdc    program   0x000002
           .code___init.o       code   0x003bde    program   0x000002
         .idata_main2.o_i    romdata   0x003be0    program   0x000008
   .config_300000_main2.o    romdata   0x300000    program   0x000001
   .config_300001_main2.o    romdata   0x300001    program   0x000001
   .config_300002_main2.o    romdata   0x300002    program   0x000001
   .config_300003_main2.o    romdata   0x300003    program   0x000001
   .config_300005_main2.o    romdata   0x300005    program   0x000001
   .config_300006_main2.o    romdata   0x300006    program   0x000001
                MATH_DATA      udata   0x000000       data   0x000014
                 .tmpdata      udata   0x000014       data   0x000007
                DELAYDAT2      udata   0x00001b       data   0x000001
                DELAYDAT1      udata   0x00001c       data   0x000001
.udata_usb_function_cdc.o      udata   0x000060       data   0x000019
           .udata_main2.o      udata   0x000100       data   0x0000b8
      .udata_usb_device.o      udata   0x0001b8       data   0x000035
           .udata_c018i.o      udata   0x0001ed       data   0x00000a
           .idata_main2.o      idata   0x0001f7       data   0x000008
        .udata_i2c_read.o      udata   0x0001ff       data   0x000000
        .idata_i2c_read.o      idata   0x0001ff       data   0x000000
        .udata_i2c_writ.o      udata   0x0001ff       data   0x000000
        .idata_i2c_writ.o      idata   0x0001ff       data   0x000000
          .udata___init.o      udata   0x0001ff       data   0x000000
          .idata___init.o      idata   0x0001ff       data   0x000000
         .udata_sprintf.o      udata   0x0001ff       data   0x000000
         .idata_sprintf.o      idata   0x0001ff       data   0x000000
      .idata__user_putc.o      idata   0x0001ff       data   0x000000
      .udata__user_putc.o      udata   0x0001ff       data   0x000000
        .udata_vfprintf.o      udata   0x0001ff       data   0x000000
        .idata_vfprintf.o      idata   0x0001ff       data   0x000000
        .udata_fxd3232u.o      udata   0x0001ff       data   0x000000
            .idata_putc.o      idata   0x0001ff       data   0x000000
            .udata_putc.o      udata   0x0001ff       data   0x000000
        .idata_fxd3232u.o      idata   0x0001ff       data   0x000000
         .udata_fxm3232.o      udata   0x0001ff       data   0x000000
         .idata_fxm3232.o      idata   0x0001ff       data   0x000000
           .idata_c018i.o      idata   0x0001ff       data   0x000000
      .idata_usb_device.o      idata   0x0001ff       data   0x000000
.idata_usb_function_cdc.o      idata   0x0001ff       data   0x000000
 .udata_usb_descriptors.o      udata   0x0001ff       data   0x000000
 .idata_usb_descriptors.o      idata   0x0001ff       data   0x000000
        .udata_adcclose.o      udata   0x0001ff       data   0x000000
        .idata_adcclose.o      idata   0x0001ff       data   0x000000
        .udata_i2c_idle.o      udata   0x0001ff       data   0x000000
        .idata_i2c_idle.o      idata   0x0001ff       data   0x000000
         .udata_adcopen.o      udata   0x0001ff       data   0x000000
         .idata_adcopen.o      idata   0x0001ff       data   0x000000
        .udata_i2c_open.o      udata   0x0001ff       data   0x000000
        .idata_i2c_open.o      idata   0x0001ff       data   0x000000
          .udata_t2open.o      udata   0x0001ff       data   0x000000
          .idata_t2open.o      idata   0x0001ff       data   0x000000
                   .stack      udata   0x000300       data   0x000100
                  USB_BDT      udata   0x000400       data   0x000040
            USB_VARIABLES      udata   0x000500       data   0x000091
            SFR_UNBANKED0      udata   0x000f62       data   0x00009e



                              Program Memory Usage 
                               Start         End      
                           ---------   ---------      
                            0x000000    0x000005      
                            0x000008    0x00000d      
                            0x000018    0x00001d      
                            0x001000    0x001005      
                            0x001008    0x00100d      
                            0x001018    0x00101d      
                            0x00102a    0x00367a      
                            0x00367c    0x003a3c      
                            0x003a3e    0x003bc6      
                            0x003bc8    0x003be7      
                            0x300000    0x300003      
                            0x300005    0x300006      
            11237 out of 33048 program addresses used, program memory utilization is 34%



                              Symbols - Sorted by Name
                     Name    Address   Location    Storage File                     
                ---------  ---------  ---------  --------- ---------                
                CDCInitEP   0x00312e    program     extern /Users/filipethomaz/Teste/3Ano/4Bim/ArquiteturaDeComputadores/Trabalhos/MicroDescontrolado/Firmware/Bibliotecas/usb_function_cdc.c
             CDCTxService   0x0032ce    program     extern /Users/filipethomaz/Teste/3Ano/4Bim/ArquiteturaDeComputadores/Trabalhos/MicroDescontrolado/Firmware/Bibliotecas/usb_function_cdc.c
                 CloseADC   0x003bd6    program     extern E:\c18v3.46\pic18-lt\cxx-framework\src\pmc_common\ADC\adcclose.c
                   D10K_1   0x003afe    program     static E:\c18v3.46\pic18-lt\cxx-framework\src\traditional\delays\d10ktcyx.asm
                    D10Kl   0x003b0a    program     static E:\c18v3.46\pic18-lt\cxx-framework\src\traditional\delays\d10ktcyx.asm
                    D10Kx   0x003afc    program     static E:\c18v3.46\pic18-lt\cxx-framework\src\traditional\delays\d10ktcyx.asm
             Delay10KTCYx   0x003af2    program     extern E:\c18v3.46\pic18-lt\cxx-framework\src\traditional\delays\d10ktcyx.asm
                 FXD3232U   0x003a3e    program     extern E:\c18v3.46\pic18-lt\cxx-framework\src\traditional\math\fxd3232u.c
                 FXM1616S   0x00399a    program     extern E:\c18v3.46\pic18-lt\cxx-framework\src\traditional\math\fxm1616s.asm
                  FXM3232   0x0038bc    program     extern E:\c18v3.46\pic18-lt\cxx-framework\src\traditional\math\fxm3232.c
      HighPriorityISRCode   0x002a2e    program     extern /Users/filipethomaz/Teste/3Ano/4Bim/ArquiteturaDeComputadores/Trabalhos/MicroDescontrolado/Firmware/Bibliotecas/main2.c
                 High_ISR   0x000008    program     extern /Users/filipethomaz/Teste/3Ano/4Bim/ArquiteturaDeComputadores/Trabalhos/MicroDescontrolado/Firmware/Bibliotecas/main2.c
                  IdleI2C   0x003bc8    program     extern E:\c18v3.46\pic18-lt\cxx-framework\src\pmc_common\i2c\i2c_idle.c
       LowPriorityISRCode   0x002b26    program     extern /Users/filipethomaz/Teste/3Ano/4Bim/ArquiteturaDeComputadores/Trabalhos/MicroDescontrolado/Firmware/Bibliotecas/main2.c
                  Low_ISR   0x000018    program     extern /Users/filipethomaz/Teste/3Ano/4Bim/ArquiteturaDeComputadores/Trabalhos/MicroDescontrolado/Firmware/Bibliotecas/main2.c
                  OpenADC   0x00392c    program     extern E:\c18v3.46\pic18-lt\cxx-framework\src\pmc_common\ADC\adcopen.c
                  OpenI2C   0x003abc    program     extern E:\c18v3.46\pic18-lt\cxx-framework\src\pmc_common\i2c\i2c_open.c
               OpenTimer2   0x003a86    program     extern E:\c18v3.46\pic18-lt\cxx-framework\src\pmc_common\Timers\t2open.c
                  ReadI2C   0x003b9c    program     extern E:\c18v3.46\pic18-lt\cxx-framework\src\pmc_common\i2c\i2c_read.c
        Remapped_High_ISR   0x001008    program     extern /Users/filipethomaz/Teste/3Ano/4Bim/ArquiteturaDeComputadores/Trabalhos/MicroDescontrolado/Firmware/Bibliotecas/main2.c
         Remapped_Low_ISR   0x001018    program     extern /Users/filipethomaz/Teste/3Ano/4Bim/ArquiteturaDeComputadores/Trabalhos/MicroDescontrolado/Firmware/Bibliotecas/main2.c
               TSIGN1616A   0x0039e6    program     static E:\c18v3.46\pic18-lt\cxx-framework\src\traditional\math\fxm1616s.asm
       USBCBCheckOtherReq   0x002fa4    program     extern /Users/filipethomaz/Teste/3Ano/4Bim/ArquiteturaDeComputadores/Trabalhos/MicroDescontrolado/Firmware/Bibliotecas/main2.c
              USBCBInitEP   0x002fa8    program     extern /Users/filipethomaz/Teste/3Ano/4Bim/ArquiteturaDeComputadores/Trabalhos/MicroDescontrolado/Firmware/Bibliotecas/main2.c
          USBCBSendResume   0x002fac    program     extern /Users/filipethomaz/Teste/3Ano/4Bim/ArquiteturaDeComputadores/Trabalhos/MicroDescontrolado/Firmware/Bibliotecas/main2.c
             USBCBSuspend   0x002fa0    program     extern /Users/filipethomaz/Teste/3Ano/4Bim/ArquiteturaDeComputadores/Trabalhos/MicroDescontrolado/Firmware/Bibliotecas/main2.c
     USBCBWakeFromSuspend   0x002fa2    program     extern /Users/filipethomaz/Teste/3Ano/4Bim/ArquiteturaDeComputadores/Trabalhos/MicroDescontrolado/Firmware/Bibliotecas/main2.c
       USBCDCEventHandler   0x003172    program     extern /Users/filipethomaz/Teste/3Ano/4Bim/ArquiteturaDeComputadores/Trabalhos/MicroDescontrolado/Firmware/Bibliotecas/usb_function_cdc.c
              USBCancelIO   0x0012fa    program     extern /Users/filipethomaz/Teste/3Ano/4Bim/ArquiteturaDeComputadores/Trabalhos/MicroDescontrolado/Firmware/Bibliotecas/usb_device.c
       USBCheckCDCRequest   0x003092    program     extern /Users/filipethomaz/Teste/3Ano/4Bim/ArquiteturaDeComputadores/Trabalhos/MicroDescontrolado/Firmware/Bibliotecas/usb_function_cdc.c
       USBCheckStdRequest   0x0018e6    program     static /Users/filipethomaz/Teste/3Ano/4Bim/ArquiteturaDeComputadores/Trabalhos/MicroDescontrolado/Firmware/Bibliotecas/usb_device.c
     USBConfigureEndpoint   0x0013ea    program     static /Users/filipethomaz/Teste/3Ano/4Bim/ArquiteturaDeComputadores/Trabalhos/MicroDescontrolado/Firmware/Bibliotecas/usb_device.c
  USBCtrlEPAllowDataStage   0x0013ac    program     extern /Users/filipethomaz/Teste/3Ano/4Bim/ArquiteturaDeComputadores/Trabalhos/MicroDescontrolado/Firmware/Bibliotecas/usb_device.c
USBCtrlEPAllowStatusStage   0x001360    program     extern /Users/filipethomaz/Teste/3Ano/4Bim/ArquiteturaDeComputadores/Trabalhos/MicroDescontrolado/Firmware/Bibliotecas/usb_device.c
         USBCtrlEPService   0x001790    program     static /Users/filipethomaz/Teste/3Ano/4Bim/ArquiteturaDeComputadores/Trabalhos/MicroDescontrolado/Firmware/Bibliotecas/usb_device.c
 USBCtrlEPServiceComplete   0x001446    program     static /Users/filipethomaz/Teste/3Ano/4Bim/ArquiteturaDeComputadores/Trabalhos/MicroDescontrolado/Firmware/Bibliotecas/usb_device.c
      USBCtrlTrfInHandler   0x001872    program     static /Users/filipethomaz/Teste/3Ano/4Bim/ArquiteturaDeComputadores/Trabalhos/MicroDescontrolado/Firmware/Bibliotecas/usb_device.c
     USBCtrlTrfOutHandler   0x001854    program     static /Users/filipethomaz/Teste/3Ano/4Bim/ArquiteturaDeComputadores/Trabalhos/MicroDescontrolado/Firmware/Bibliotecas/usb_device.c
      USBCtrlTrfRxService   0x001520    program     static /Users/filipethomaz/Teste/3Ano/4Bim/ArquiteturaDeComputadores/Trabalhos/MicroDescontrolado/Firmware/Bibliotecas/usb_device.c
   USBCtrlTrfSetupHandler   0x00181e    program     static /Users/filipethomaz/Teste/3Ano/4Bim/ArquiteturaDeComputadores/Trabalhos/MicroDescontrolado/Firmware/Bibliotecas/usb_device.c
      USBCtrlTrfTxService   0x0014a0    program     static /Users/filipethomaz/Teste/3Ano/4Bim/ArquiteturaDeComputadores/Trabalhos/MicroDescontrolado/Firmware/Bibliotecas/usb_device.c
          USBDeviceAttach   0x00133a    program     extern /Users/filipethomaz/Teste/3Ano/4Bim/ArquiteturaDeComputadores/Trabalhos/MicroDescontrolado/Firmware/Bibliotecas/usb_device.c
          USBDeviceDetach   0x001330    program     extern /Users/filipethomaz/Teste/3Ano/4Bim/ArquiteturaDeComputadores/Trabalhos/MicroDescontrolado/Firmware/Bibliotecas/usb_device.c
            USBDeviceInit   0x001038    program     extern /Users/filipethomaz/Teste/3Ano/4Bim/ArquiteturaDeComputadores/Trabalhos/MicroDescontrolado/Firmware/Bibliotecas/usb_device.c
           USBDeviceTasks   0x0010d8    program     extern /Users/filipethomaz/Teste/3Ano/4Bim/ArquiteturaDeComputadores/Trabalhos/MicroDescontrolado/Firmware/Bibliotecas/usb_device.c
        USBEnableEndpoint   0x0011f4    program     extern /Users/filipethomaz/Teste/3Ano/4Bim/ArquiteturaDeComputadores/Trabalhos/MicroDescontrolado/Firmware/Bibliotecas/usb_device.c
         USBStallEndpoint   0x0012c8    program     extern /Users/filipethomaz/Teste/3Ano/4Bim/ArquiteturaDeComputadores/Trabalhos/MicroDescontrolado/Firmware/Bibliotecas/usb_device.c
          USBStallHandler   0x001744    program     static /Users/filipethomaz/Teste/3Ano/4Bim/ArquiteturaDeComputadores/Trabalhos/MicroDescontrolado/Firmware/Bibliotecas/usb_device.c
  USBStdFeatureReqHandler   0x00198e    program     static /Users/filipethomaz/Teste/3Ano/4Bim/ArquiteturaDeComputadores/Trabalhos/MicroDescontrolado/Firmware/Bibliotecas/usb_device.c
      USBStdGetDscHandler   0x00165a    program     static /Users/filipethomaz/Teste/3Ano/4Bim/ArquiteturaDeComputadores/Trabalhos/MicroDescontrolado/Firmware/Bibliotecas/usb_device.c
   USBStdGetStatusHandler   0x0016d4    program     static /Users/filipethomaz/Teste/3Ano/4Bim/ArquiteturaDeComputadores/Trabalhos/MicroDescontrolado/Firmware/Bibliotecas/usb_device.c
      USBStdSetCfgHandler   0x0015e8    program     static /Users/filipethomaz/Teste/3Ano/4Bim/ArquiteturaDeComputadores/Trabalhos/MicroDescontrolado/Firmware/Bibliotecas/usb_device.c
               USBSuspend   0x001764    program     static /Users/filipethomaz/Teste/3Ano/4Bim/ArquiteturaDeComputadores/Trabalhos/MicroDescontrolado/Firmware/Bibliotecas/usb_device.c
     USBTransferOnePacket   0x00123c    program     extern /Users/filipethomaz/Teste/3Ano/4Bim/ArquiteturaDeComputadores/Trabalhos/MicroDescontrolado/Firmware/Bibliotecas/usb_device.c
       USBWakeFromSuspend   0x001778    program     static /Users/filipethomaz/Teste/3Ano/4Bim/ArquiteturaDeComputadores/Trabalhos/MicroDescontrolado/Firmware/Bibliotecas/usb_device.c
               USB_CD_Ptr   0x003673    program     extern /Users/filipethomaz/Teste/3Ano/4Bim/ArquiteturaDeComputadores/Trabalhos/MicroDescontrolado/Firmware/usb_descriptors.c
               USB_SD_Ptr   0x003675    program     extern /Users/filipethomaz/Teste/3Ano/4Bim/ArquiteturaDeComputadores/Trabalhos/MicroDescontrolado/Firmware/usb_descriptors.c
USER_USB_CALLBACK_EVENT_HANDLER   0x002ff4    program     extern /Users/filipethomaz/Teste/3Ano/4Bim/ArquiteturaDeComputadores/Trabalhos/MicroDescontrolado/Firmware/Bibliotecas/main2.c
                 WriteI2C   0x00384a    program     extern E:\c18v3.46\pic18-lt\cxx-framework\src\pmc_common\i2c\i2c_writ.c
              _2jContinue   0x00349a    program     static E:\c18v3.46\pic18-lt\cxx-framework\src\traditional\stdclib\memset.asm
                   _2jEnd   0x00359c    program     static E:\c18v3.46\pic18-lt\cxx-framework\src\traditional\stdclib\slenpgm.asm
                   _3jEnd   0x0034a4    program     static E:\c18v3.46\pic18-lt\cxx-framework\src\traditional\stdclib\memset.asm
              _4jContinue   0x003540    program     static E:\c18v3.46\pic18-lt\cxx-framework\src\traditional\stdclib\strncpy.asm
                   _5jEnd   0x00354a    program     static E:\c18v3.46\pic18-lt\cxx-framework\src\traditional\stdclib\strncpy.asm
       _D10KTCYXCODE_0010   0x003b02    program     static E:\c18v3.46\pic18-lt\cxx-framework\src\traditional\delays\d10ktcyx.asm
       _D10KTCYXCODE_001C   0x003b0e    program     static E:\c18v3.46\pic18-lt\cxx-framework\src\traditional\delays\d10ktcyx.asm
           ___if_lbl00040   0x002c1a    program     static                          
           ___if_lbl00042   0x002d36    program     static                          
           ___if_lbl00043   0x002edc    program     static                          
           ___if_lbl00044   0x002edc    program     static                          
           ___if_lbl00045   0x002ee0    program     static                          
       ___return_lbl00000   0x00392a    program     static                          
       ___return_lbl00000   0x000004    program     static                          
       ___return_lbl00000   0x003a84    program     static                          
       ___return_lbl00001   0x003b7e    program     static                          
       ___return_lbl00002   0x0037c4    program     static                          
       ___return_lbl00021   0x001004    program     static                          
       ___return_lbl00022   0x00100c    program     static                          
       ___return_lbl00023   0x00101c    program     static                          
       ___return_lbl00024   0x00000c    program     static                          
       ___return_lbl00025   0x00001c    program     static                          
       ___return_lbl00035   0x002f9e    program     static                          
        ___while_lbl00036   0x002be4    program     static                          
        ___while_lbl00037   0x002f9e    program     static                          
        ___while_lbl00038   0x002c04    program     static                          
        ___while_lbl00039   0x002eec    program     static                          
        ___while_lbl00046   0x002f84    program     static                          
        ___while_lbl00047   0x002f9c    program     static                          
               __config_0   0x300000    program     static /Users/filipethomaz/Teste/3Ano/4Bim/ArquiteturaDeComputadores/Trabalhos/MicroDescontrolado/Firmware/Bibliotecas/main2.c
               __config_1   0x300001    program     static /Users/filipethomaz/Teste/3Ano/4Bim/ArquiteturaDeComputadores/Trabalhos/MicroDescontrolado/Firmware/Bibliotecas/main2.c
               __config_2   0x300002    program     static /Users/filipethomaz/Teste/3Ano/4Bim/ArquiteturaDeComputadores/Trabalhos/MicroDescontrolado/Firmware/Bibliotecas/main2.c
               __config_3   0x300003    program     static /Users/filipethomaz/Teste/3Ano/4Bim/ArquiteturaDeComputadores/Trabalhos/MicroDescontrolado/Firmware/Bibliotecas/main2.c
               __config_4   0x300005    program     static /Users/filipethomaz/Teste/3Ano/4Bim/ArquiteturaDeComputadores/Trabalhos/MicroDescontrolado/Firmware/Bibliotecas/main2.c
               __config_5   0x300006    program     static /Users/filipethomaz/Teste/3Ano/4Bim/ArquiteturaDeComputadores/Trabalhos/MicroDescontrolado/Firmware/Bibliotecas/main2.c
                   __init   0x003bde    program     extern E:\c18v3.46\pic18-lt\cxx-framework\src\traditional\stdclib\__init.c
                   __pa_0   0x0033b0    program     static /Users/filipethomaz/Teste/3Ano/4Bim/ArquiteturaDeComputadores/Trabalhos/MicroDescontrolado/Firmware/Bibliotecas/usb_function_cdc.c
                   __pa_0   0x001ab8    program     static /Users/filipethomaz/Teste/3Ano/4Bim/ArquiteturaDeComputadores/Trabalhos/MicroDescontrolado/Firmware/Bibliotecas/usb_device.c
                   __pa_0   0x002686    program     static E:\c18v3.46\pic18-lt\cxx-framework\src\traditional\stdclib\vfprintf.c
                   __pa_0   0x003074    program     static /Users/filipethomaz/Teste/3Ano/4Bim/ArquiteturaDeComputadores/Trabalhos/MicroDescontrolado/Firmware/Bibliotecas/main2.c
                   __pa_1   0x001ac0    program     static /Users/filipethomaz/Teste/3Ano/4Bim/ArquiteturaDeComputadores/Trabalhos/MicroDescontrolado/Firmware/Bibliotecas/usb_device.c
                   __pa_1   0x00268e    program     static E:\c18v3.46\pic18-lt\cxx-framework\src\traditional\stdclib\vfprintf.c
                   __pa_1   0x0033ca    program     static /Users/filipethomaz/Teste/3Ano/4Bim/ArquiteturaDeComputadores/Trabalhos/MicroDescontrolado/Firmware/Bibliotecas/usb_function_cdc.c
                   __pa_1   0x003080    program     static /Users/filipethomaz/Teste/3Ano/4Bim/ArquiteturaDeComputadores/Trabalhos/MicroDescontrolado/Firmware/Bibliotecas/main2.c
                  __pa_10   0x002742    program     static E:\c18v3.46\pic18-lt\cxx-framework\src\traditional\stdclib\vfprintf.c
                  __pa_10   0x001b1e    program     static /Users/filipethomaz/Teste/3Ano/4Bim/ArquiteturaDeComputadores/Trabalhos/MicroDescontrolado/Firmware/Bibliotecas/usb_device.c
                  __pa_10   0x00344c    program     static /Users/filipethomaz/Teste/3Ano/4Bim/ArquiteturaDeComputadores/Trabalhos/MicroDescontrolado/Firmware/Bibliotecas/usb_function_cdc.c
                  __pa_11   0x002750    program     static E:\c18v3.46\pic18-lt\cxx-framework\src\traditional\stdclib\vfprintf.c
                  __pa_11   0x00345e    program     static /Users/filipethomaz/Teste/3Ano/4Bim/ArquiteturaDeComputadores/Trabalhos/MicroDescontrolado/Firmware/Bibliotecas/usb_function_cdc.c
                  __pa_11   0x001b28    program     static /Users/filipethomaz/Teste/3Ano/4Bim/ArquiteturaDeComputadores/Trabalhos/MicroDescontrolado/Firmware/Bibliotecas/usb_device.c
                  __pa_12   0x002766    program     static E:\c18v3.46\pic18-lt\cxx-framework\src\traditional\stdclib\vfprintf.c
                  __pa_12   0x00346c    program     static /Users/filipethomaz/Teste/3Ano/4Bim/ArquiteturaDeComputadores/Trabalhos/MicroDescontrolado/Firmware/Bibliotecas/usb_function_cdc.c
                  __pa_12   0x001b3c    program     static /Users/filipethomaz/Teste/3Ano/4Bim/ArquiteturaDeComputadores/Trabalhos/MicroDescontrolado/Firmware/Bibliotecas/usb_device.c
                  __pa_13   0x002780    program     static E:\c18v3.46\pic18-lt\cxx-framework\src\traditional\stdclib\vfprintf.c
                  __pa_13   0x001b5c    program     static /Users/filipethomaz/Teste/3Ano/4Bim/ArquiteturaDeComputadores/Trabalhos/MicroDescontrolado/Firmware/Bibliotecas/usb_device.c
                  __pa_14   0x002798    program     static E:\c18v3.46\pic18-lt\cxx-framework\src\traditional\stdclib\vfprintf.c
                  __pa_14   0x001b70    program     static /Users/filipethomaz/Teste/3Ano/4Bim/ArquiteturaDeComputadores/Trabalhos/MicroDescontrolado/Firmware/Bibliotecas/usb_device.c
                  __pa_15   0x0027a8    program     static E:\c18v3.46\pic18-lt\cxx-framework\src\traditional\stdclib\vfprintf.c
                  __pa_15   0x001b82    program     static /Users/filipethomaz/Teste/3Ano/4Bim/ArquiteturaDeComputadores/Trabalhos/MicroDescontrolado/Firmware/Bibliotecas/usb_device.c
                  __pa_16   0x0027be    program     static E:\c18v3.46\pic18-lt\cxx-framework\src\traditional\stdclib\vfprintf.c
                  __pa_16   0x001b8e    program     static /Users/filipethomaz/Teste/3Ano/4Bim/ArquiteturaDeComputadores/Trabalhos/MicroDescontrolado/Firmware/Bibliotecas/usb_device.c
                  __pa_17   0x001ba8    program     static /Users/filipethomaz/Teste/3Ano/4Bim/ArquiteturaDeComputadores/Trabalhos/MicroDescontrolado/Firmware/Bibliotecas/usb_device.c
                  __pa_17   0x0027d0    program     static E:\c18v3.46\pic18-lt\cxx-framework\src\traditional\stdclib\vfprintf.c
                  __pa_18   0x001bb4    program     static /Users/filipethomaz/Teste/3Ano/4Bim/ArquiteturaDeComputadores/Trabalhos/MicroDescontrolado/Firmware/Bibliotecas/usb_device.c
                  __pa_18   0x0027e2    program     static E:\c18v3.46\pic18-lt\cxx-framework\src\traditional\stdclib\vfprintf.c
                  __pa_19   0x0027ec    program     static E:\c18v3.46\pic18-lt\cxx-framework\src\traditional\stdclib\vfprintf.c
                  __pa_19   0x001bc0    program     static /Users/filipethomaz/Teste/3Ano/4Bim/ArquiteturaDeComputadores/Trabalhos/MicroDescontrolado/Firmware/Bibliotecas/usb_device.c
                   __pa_2   0x00308a    program     static /Users/filipethomaz/Teste/3Ano/4Bim/ArquiteturaDeComputadores/Trabalhos/MicroDescontrolado/Firmware/Bibliotecas/main2.c
                   __pa_2   0x002698    program     static E:\c18v3.46\pic18-lt\cxx-framework\src\traditional\stdclib\vfprintf.c
                   __pa_2   0x001aca    program     static /Users/filipethomaz/Teste/3Ano/4Bim/ArquiteturaDeComputadores/Trabalhos/MicroDescontrolado/Firmware/Bibliotecas/usb_device.c
                   __pa_2   0x0033da    program     static /Users/filipethomaz/Teste/3Ano/4Bim/ArquiteturaDeComputadores/Trabalhos/MicroDescontrolado/Firmware/Bibliotecas/usb_function_cdc.c
                  __pa_20   0x0027fc    program     static E:\c18v3.46\pic18-lt\cxx-framework\src\traditional\stdclib\vfprintf.c
                  __pa_20   0x001bc8    program     static /Users/filipethomaz/Teste/3Ano/4Bim/ArquiteturaDeComputadores/Trabalhos/MicroDescontrolado/Firmware/Bibliotecas/usb_device.c
                  __pa_21   0x00280c    program     static E:\c18v3.46\pic18-lt\cxx-framework\src\traditional\stdclib\vfprintf.c
                  __pa_21   0x001bd0    program     static /Users/filipethomaz/Teste/3Ano/4Bim/ArquiteturaDeComputadores/Trabalhos/MicroDescontrolado/Firmware/Bibliotecas/usb_device.c
                  __pa_22   0x00281c    program     static E:\c18v3.46\pic18-lt\cxx-framework\src\traditional\stdclib\vfprintf.c
                  __pa_22   0x001bdc    program     static /Users/filipethomaz/Teste/3Ano/4Bim/ArquiteturaDeComputadores/Trabalhos/MicroDescontrolado/Firmware/Bibliotecas/usb_device.c
                  __pa_23   0x002828    program     static E:\c18v3.46\pic18-lt\cxx-framework\src\traditional\stdclib\vfprintf.c
                  __pa_23   0x001bec    program     static /Users/filipethomaz/Teste/3Ano/4Bim/ArquiteturaDeComputadores/Trabalhos/MicroDescontrolado/Firmware/Bibliotecas/usb_device.c
                  __pa_24   0x002836    program     static E:\c18v3.46\pic18-lt\cxx-framework\src\traditional\stdclib\vfprintf.c
                  __pa_24   0x001bfc    program     static /Users/filipethomaz/Teste/3Ano/4Bim/ArquiteturaDeComputadores/Trabalhos/MicroDescontrolado/Firmware/Bibliotecas/usb_device.c
                  __pa_25   0x00283e    program     static E:\c18v3.46\pic18-lt\cxx-framework\src\traditional\stdclib\vfprintf.c
                  __pa_25   0x001c0c    program     static /Users/filipethomaz/Teste/3Ano/4Bim/ArquiteturaDeComputadores/Trabalhos/MicroDescontrolado/Firmware/Bibliotecas/usb_device.c
                  __pa_26   0x001c1a    program     static /Users/filipethomaz/Teste/3Ano/4Bim/ArquiteturaDeComputadores/Trabalhos/MicroDescontrolado/Firmware/Bibliotecas/usb_device.c
                  __pa_26   0x002848    program     static E:\c18v3.46\pic18-lt\cxx-framework\src\traditional\stdclib\vfprintf.c
                  __pa_27   0x002852    program     static E:\c18v3.46\pic18-lt\cxx-framework\src\traditional\stdclib\vfprintf.c
                  __pa_27   0x001c28    program     static /Users/filipethomaz/Teste/3Ano/4Bim/ArquiteturaDeComputadores/Trabalhos/MicroDescontrolado/Firmware/Bibliotecas/usb_device.c
                  __pa_28   0x001c36    program     static /Users/filipethomaz/Teste/3Ano/4Bim/ArquiteturaDeComputadores/Trabalhos/MicroDescontrolado/Firmware/Bibliotecas/usb_device.c
                  __pa_28   0x00285a    program     static E:\c18v3.46\pic18-lt\cxx-framework\src\traditional\stdclib\vfprintf.c
                  __pa_29   0x001c44    program     static /Users/filipethomaz/Teste/3Ano/4Bim/ArquiteturaDeComputadores/Trabalhos/MicroDescontrolado/Firmware/Bibliotecas/usb_device.c
                  __pa_29   0x002868    program     static E:\c18v3.46\pic18-lt\cxx-framework\src\traditional\stdclib\vfprintf.c
                   __pa_3   0x001ad2    program     static /Users/filipethomaz/Teste/3Ano/4Bim/ArquiteturaDeComputadores/Trabalhos/MicroDescontrolado/Firmware/Bibliotecas/usb_device.c
                   __pa_3   0x0033ec    program     static /Users/filipethomaz/Teste/3Ano/4Bim/ArquiteturaDeComputadores/Trabalhos/MicroDescontrolado/Firmware/Bibliotecas/usb_function_cdc.c
                   __pa_3   0x0026a2    program     static E:\c18v3.46\pic18-lt\cxx-framework\src\traditional\stdclib\vfprintf.c
                  __pa_30   0x002884    program     static E:\c18v3.46\pic18-lt\cxx-framework\src\traditional\stdclib\vfprintf.c
                  __pa_30   0x001c52    program     static /Users/filipethomaz/Teste/3Ano/4Bim/ArquiteturaDeComputadores/Trabalhos/MicroDescontrolado/Firmware/Bibliotecas/usb_device.c
                  __pa_31   0x00289e    program     static E:\c18v3.46\pic18-lt\cxx-framework\src\traditional\stdclib\vfprintf.c
                  __pa_31   0x001c5c    program     static /Users/filipethomaz/Teste/3Ano/4Bim/ArquiteturaDeComputadores/Trabalhos/MicroDescontrolado/Firmware/Bibliotecas/usb_device.c
                  __pa_32   0x0028b8    program     static E:\c18v3.46\pic18-lt\cxx-framework\src\traditional\stdclib\vfprintf.c
                  __pa_32   0x001c74    program     static /Users/filipethomaz/Teste/3Ano/4Bim/ArquiteturaDeComputadores/Trabalhos/MicroDescontrolado/Firmware/Bibliotecas/usb_device.c
                  __pa_33   0x0028d0    program     static E:\c18v3.46\pic18-lt\cxx-framework\src\traditional\stdclib\vfprintf.c
                  __pa_33   0x001c80    program     static /Users/filipethomaz/Teste/3Ano/4Bim/ArquiteturaDeComputadores/Trabalhos/MicroDescontrolado/Firmware/Bibliotecas/usb_device.c
                  __pa_34   0x0028da    program     static E:\c18v3.46\pic18-lt\cxx-framework\src\traditional\stdclib\vfprintf.c
                  __pa_34   0x001c88    program     static /Users/filipethomaz/Teste/3Ano/4Bim/ArquiteturaDeComputadores/Trabalhos/MicroDescontrolado/Firmware/Bibliotecas/usb_device.c
                  __pa_35   0x001c9c    program     static /Users/filipethomaz/Teste/3Ano/4Bim/ArquiteturaDeComputadores/Trabalhos/MicroDescontrolado/Firmware/Bibliotecas/usb_device.c
                  __pa_35   0x0028e8    program     static E:\c18v3.46\pic18-lt\cxx-framework\src\traditional\stdclib\vfprintf.c
                  __pa_36   0x001caa    program     static /Users/filipethomaz/Teste/3Ano/4Bim/ArquiteturaDeComputadores/Trabalhos/MicroDescontrolado/Firmware/Bibliotecas/usb_device.c
                  __pa_36   0x0028f0    program     static E:\c18v3.46\pic18-lt\cxx-framework\src\traditional\stdclib\vfprintf.c
                  __pa_37   0x001cb4    program     static /Users/filipethomaz/Teste/3Ano/4Bim/ArquiteturaDeComputadores/Trabalhos/MicroDescontrolado/Firmware/Bibliotecas/usb_device.c
                  __pa_37   0x0028fa    program     static E:\c18v3.46\pic18-lt\cxx-framework\src\traditional\stdclib\vfprintf.c
                  __pa_38   0x001cbe    program     static /Users/filipethomaz/Teste/3Ano/4Bim/ArquiteturaDeComputadores/Trabalhos/MicroDescontrolado/Firmware/Bibliotecas/usb_device.c
                  __pa_38   0x00290a    program     static E:\c18v3.46\pic18-lt\cxx-framework\src\traditional\stdclib\vfprintf.c
                  __pa_39   0x002918    program     static E:\c18v3.46\pic18-lt\cxx-framework\src\traditional\stdclib\vfprintf.c
                  __pa_39   0x001cc4    program     static /Users/filipethomaz/Teste/3Ano/4Bim/ArquiteturaDeComputadores/Trabalhos/MicroDescontrolado/Firmware/Bibliotecas/usb_device.c
                   __pa_4   0x0026ba    program     static E:\c18v3.46\pic18-lt\cxx-framework\src\traditional\stdclib\vfprintf.c
                   __pa_4   0x003406    program     static /Users/filipethomaz/Teste/3Ano/4Bim/ArquiteturaDeComputadores/Trabalhos/MicroDescontrolado/Firmware/Bibliotecas/usb_function_cdc.c
                   __pa_4   0x001adc    program     static /Users/filipethomaz/Teste/3Ano/4Bim/ArquiteturaDeComputadores/Trabalhos/MicroDescontrolado/Firmware/Bibliotecas/usb_device.c
                  __pa_40   0x002924    program     static E:\c18v3.46\pic18-lt\cxx-framework\src\traditional\stdclib\vfprintf.c
                  __pa_40   0x001ccc    program     static /Users/filipethomaz/Teste/3Ano/4Bim/ArquiteturaDeComputadores/Trabalhos/MicroDescontrolado/Firmware/Bibliotecas/usb_device.c
                  __pa_41   0x001cdc    program     static /Users/filipethomaz/Teste/3Ano/4Bim/ArquiteturaDeComputadores/Trabalhos/MicroDescontrolado/Firmware/Bibliotecas/usb_device.c
                  __pa_41   0x002930    program     static E:\c18v3.46\pic18-lt\cxx-framework\src\traditional\stdclib\vfprintf.c
                  __pa_42   0x001ce2    program     static /Users/filipethomaz/Teste/3Ano/4Bim/ArquiteturaDeComputadores/Trabalhos/MicroDescontrolado/Firmware/Bibliotecas/usb_device.c
                  __pa_42   0x002938    program     static E:\c18v3.46\pic18-lt\cxx-framework\src\traditional\stdclib\vfprintf.c
                  __pa_43   0x002942    program     static E:\c18v3.46\pic18-lt\cxx-framework\src\traditional\stdclib\vfprintf.c
                  __pa_43   0x001cf0    program     static /Users/filipethomaz/Teste/3Ano/4Bim/ArquiteturaDeComputadores/Trabalhos/MicroDescontrolado/Firmware/Bibliotecas/usb_device.c
                  __pa_44   0x002948    program     static E:\c18v3.46\pic18-lt\cxx-framework\src\traditional\stdclib\vfprintf.c
                  __pa_44   0x001cfe    program     static /Users/filipethomaz/Teste/3Ano/4Bim/ArquiteturaDeComputadores/Trabalhos/MicroDescontrolado/Firmware/Bibliotecas/usb_device.c
                  __pa_45   0x002952    program     static E:\c18v3.46\pic18-lt\cxx-framework\src\traditional\stdclib\vfprintf.c
                  __pa_45   0x001d0c    program     static /Users/filipethomaz/Teste/3Ano/4Bim/ArquiteturaDeComputadores/Trabalhos/MicroDescontrolado/Firmware/Bibliotecas/usb_device.c
                  __pa_46   0x00295e    program     static E:\c18v3.46\pic18-lt\cxx-framework\src\traditional\stdclib\vfprintf.c
                  __pa_46   0x001d16    program     static /Users/filipethomaz/Teste/3Ano/4Bim/ArquiteturaDeComputadores/Trabalhos/MicroDescontrolado/Firmware/Bibliotecas/usb_device.c
                  __pa_47   0x001d20    program     static /Users/filipethomaz/Teste/3Ano/4Bim/ArquiteturaDeComputadores/Trabalhos/MicroDescontrolado/Firmware/Bibliotecas/usb_device.c
                  __pa_48   0x001d28    program     static /Users/filipethomaz/Teste/3Ano/4Bim/ArquiteturaDeComputadores/Trabalhos/MicroDescontrolado/Firmware/Bibliotecas/usb_device.c
                  __pa_49   0x001d34    program     static /Users/filipethomaz/Teste/3Ano/4Bim/ArquiteturaDeComputadores/Trabalhos/MicroDescontrolado/Firmware/Bibliotecas/usb_device.c
                   __pa_5   0x001ae6    program     static /Users/filipethomaz/Teste/3Ano/4Bim/ArquiteturaDeComputadores/Trabalhos/MicroDescontrolado/Firmware/Bibliotecas/usb_device.c
                   __pa_5   0x0026ce    program     static E:\c18v3.46\pic18-lt\cxx-framework\src\traditional\stdclib\vfprintf.c
                   __pa_5   0x003410    program     static /Users/filipethomaz/Teste/3Ano/4Bim/ArquiteturaDeComputadores/Trabalhos/MicroDescontrolado/Firmware/Bibliotecas/usb_function_cdc.c
                  __pa_50   0x001d3e    program     static /Users/filipethomaz/Teste/3Ano/4Bim/ArquiteturaDeComputadores/Trabalhos/MicroDescontrolado/Firmware/Bibliotecas/usb_device.c
                   __pa_6   0x0026ea    program     static E:\c18v3.46\pic18-lt\cxx-framework\src\traditional\stdclib\vfprintf.c
                   __pa_6   0x003418    program     static /Users/filipethomaz/Teste/3Ano/4Bim/ArquiteturaDeComputadores/Trabalhos/MicroDescontrolado/Firmware/Bibliotecas/usb_function_cdc.c
                   __pa_6   0x001af0    program     static /Users/filipethomaz/Teste/3Ano/4Bim/ArquiteturaDeComputadores/Trabalhos/MicroDescontrolado/Firmware/Bibliotecas/usb_device.c
                   __pa_7   0x001af8    program     static /Users/filipethomaz/Teste/3Ano/4Bim/ArquiteturaDeComputadores/Trabalhos/MicroDescontrolado/Firmware/Bibliotecas/usb_device.c
                   __pa_7   0x003426    program     static /Users/filipethomaz/Teste/3Ano/4Bim/ArquiteturaDeComputadores/Trabalhos/MicroDescontrolado/Firmware/Bibliotecas/usb_function_cdc.c
                   __pa_7   0x0026f4    program     static E:\c18v3.46\pic18-lt\cxx-framework\src\traditional\stdclib\vfprintf.c
                   __pa_8   0x001b08    program     static /Users/filipethomaz/Teste/3Ano/4Bim/ArquiteturaDeComputadores/Trabalhos/MicroDescontrolado/Firmware/Bibliotecas/usb_device.c
                   __pa_8   0x003434    program     static /Users/filipethomaz/Teste/3Ano/4Bim/ArquiteturaDeComputadores/Trabalhos/MicroDescontrolado/Firmware/Bibliotecas/usb_function_cdc.c
                   __pa_8   0x002700    program     static E:\c18v3.46\pic18-lt\cxx-framework\src\traditional\stdclib\vfprintf.c
                   __pa_9   0x001b12    program     static /Users/filipethomaz/Teste/3Ano/4Bim/ArquiteturaDeComputadores/Trabalhos/MicroDescontrolado/Firmware/Bibliotecas/usb_device.c
                   __pa_9   0x003442    program     static /Users/filipethomaz/Teste/3Ano/4Bim/ArquiteturaDeComputadores/Trabalhos/MicroDescontrolado/Firmware/Bibliotecas/usb_function_cdc.c
                   __pa_9   0x002722    program     static E:\c18v3.46\pic18-lt\cxx-framework\src\traditional\stdclib\vfprintf.c
               __string_0   0x003a2e    program     static /Users/filipethomaz/Teste/3Ano/4Bim/ArquiteturaDeComputadores/Trabalhos/MicroDescontrolado/Firmware/Bibliotecas/main2.c
               __string_1   0x003a18    program     static /Users/filipethomaz/Teste/3Ano/4Bim/ArquiteturaDeComputadores/Trabalhos/MicroDescontrolado/Firmware/Bibliotecas/main2.c
               __string_2   0x003a02    program     static /Users/filipethomaz/Teste/3Ano/4Bim/ArquiteturaDeComputadores/Trabalhos/MicroDescontrolado/Firmware/Bibliotecas/main2.c
               __string_3   0x0039f4    program     static /Users/filipethomaz/Teste/3Ano/4Bim/ArquiteturaDeComputadores/Trabalhos/MicroDescontrolado/Firmware/Bibliotecas/main2.c
               __tmplbl_0   0x002c3a    program     static                          
               __tmplbl_1   0x002c32    program     static                          
              __tmplbl_20   0x002c2a    program     static                          
              __tmplbl_24   0x001af0    program     static                          
              __tmplbl_33   0x001af0    program     static                          
              __tmplbl_36   0x001af0    program     static                          
              __tmplbl_37   0x001af0    program     static                          
              __tmplbl_38   0x001af0    program     static                          
              __tmplbl_42   0x00281c    program     static                          
              __tmplbl_43   0x002664    program     static                          
              __tmplbl_44   0x00264a    program     static                          
              __tmplbl_85   0x001d9c    program     static                          
            __zero_memory   0x003b44    program     extern E:\c18v3.46\pic18-lt\cxx-framework\src\traditional\proc\p18f4550.asm
                _do_cinit   0x003728    program     extern E:\c18v3.46\pic18-lt\cxx-framework\src\traditional\startup\c018i.c
                   _entry   0x000000    program     extern E:\c18v3.46\pic18-lt\cxx-framework\src\traditional\startup\c018i.c
                   _false   0x003a80    program     static                          
                   _reset   0x001000    program     extern /Users/filipethomaz/Teste/3Ano/4Bim/ArquiteturaDeComputadores/Trabalhos/MicroDescontrolado/Firmware/Bibliotecas/main2.c
                 _startup   0x003b64    program     extern E:\c18v3.46\pic18-lt\cxx-framework\src\traditional\startup\c018i.c
              _usart_putc   0x003b80    program     extern E:\c18v3.46\pic18-lt\cxx-framework\src\pmc_common\USART\_usartpc.asm
               _user_putc   0x003bdc    program     extern E:\c18v3.46\pic18-lt\cxx-framework\src\traditional\stdclib\_user_putc.c
                compare_l   0x003b5a    program     static E:\c18v3.46\pic18-lt\cxx-framework\src\traditional\proc\p18f4550.asm
        configDescriptor1   0x0035c4    program     extern /Users/filipethomaz/Teste/3Ano/4Bim/ArquiteturaDeComputadores/Trabalhos/MicroDescontrolado/Firmware/usb_descriptors.c
                copy_loop   0x00379a    program     static                          
            copy_one_byte   0x0037a0    program     static                          
               device_dsc   0x0035b2    program     extern /Users/filipethomaz/Teste/3Ano/4Bim/ArquiteturaDeComputadores/Trabalhos/MicroDescontrolado/Firmware/usb_descriptors.c
                     done   0x0037c4    program     static                          
             done_copying   0x0037ae    program     static                          
              escreve_I2C   0x002968    program     extern /Users/filipethomaz/Teste/3Ano/4Bim/ArquiteturaDeComputadores/Trabalhos/MicroDescontrolado/Firmware/Bibliotecas/main2.c
             getsUSBUSART   0x0031ae    program     extern /Users/filipethomaz/Teste/3Ano/4Bim/ArquiteturaDeComputadores/Trabalhos/MicroDescontrolado/Firmware/Bibliotecas/usb_function_cdc.c
                  isdigit   0x003b20    program     extern E:\c18v3.46\pic18-lt\cxx-framework\src\traditional\stdclib\isdigit.asm
                     jEnd   0x00359e    program     static E:\c18v3.46\pic18-lt\cxx-framework\src\traditional\stdclib\slenpgm.asm
                     jEnd   0x003556    program     static E:\c18v3.46\pic18-lt\cxx-framework\src\traditional\stdclib\strncpy.asm
                     jEnd   0x00350a    program     static E:\c18v3.46\pic18-lt\cxx-framework\src\traditional\stdclib\strlen.asm
                     jEnd   0x0034ac    program     static E:\c18v3.46\pic18-lt\cxx-framework\src\traditional\stdclib\memset.asm
                    jLoop   0x003586    program     static E:\c18v3.46\pic18-lt\cxx-framework\src\traditional\stdclib\slenpgm.asm
                    jLoop   0x003534    program     static E:\c18v3.46\pic18-lt\cxx-framework\src\traditional\stdclib\strncpy.asm
                    jLoop   0x00348e    program     static E:\c18v3.46\pic18-lt\cxx-framework\src\traditional\stdclib\memset.asm
                    jLoop   0x003500    program     static E:\c18v3.46\pic18-lt\cxx-framework\src\traditional\stdclib\strlen.asm
                    jLoop   0x0034d6    program     static E:\c18v3.46\pic18-lt\cxx-framework\src\traditional\stdclib\strcpy.asm
                   jMatch   0x003b40    program     static E:\c18v3.46\pic18-lt\cxx-framework\src\traditional\stdclib\isdigit.asm
                 jNoMatch   0x003b42    program     static E:\c18v3.46\pic18-lt\cxx-framework\src\traditional\stdclib\isdigit.asm
                  ler_I2C   0x0029ea    program     extern /Users/filipethomaz/Teste/3Ano/4Bim/ArquiteturaDeComputadores/Trabalhos/MicroDescontrolado/Firmware/Bibliotecas/main2.c
                     loop   0x003b90    program     static E:\c18v3.46\pic18-lt\cxx-framework\src\pmc_common\USART\_usartpc.asm
                     loop   0x003b74    program     static                          
                     loop   0x003a4c    program     static                          
                   loop_h   0x003b52    program     static E:\c18v3.46\pic18-lt\cxx-framework\src\traditional\proc\p18f4550.asm
                   loop_l   0x003b5c    program     static E:\c18v3.46\pic18-lt\cxx-framework\src\traditional\proc\p18f4550.asm
                     main   0x002b70    program     extern /Users/filipethomaz/Teste/3Ano/4Bim/ArquiteturaDeComputadores/Trabalhos/MicroDescontrolado/Firmware/Bibliotecas/main2.c
                   memset   0x00347a    program     extern E:\c18v3.46\pic18-lt\cxx-framework\src\traditional\stdclib\memset.asm
              putUSBUSART   0x00322c    program     extern /Users/filipethomaz/Teste/3Ano/4Bim/ArquiteturaDeComputadores/Trabalhos/MicroDescontrolado/Firmware/Bibliotecas/usb_function_cdc.c
                     putc   0x0037c6    program     extern E:\c18v3.46\pic18-lt\cxx-framework\src\traditional\stdclib\putc.c
            putrsUSBUSART   0x00328a    program     extern /Users/filipethomaz/Teste/3Ano/4Bim/ArquiteturaDeComputadores/Trabalhos/MicroDescontrolado/Firmware/Bibliotecas/usb_function_cdc.c
             putsUSBUSART   0x003248    program     extern /Users/filipethomaz/Teste/3Ano/4Bim/ArquiteturaDeComputadores/Trabalhos/MicroDescontrolado/Firmware/Bibliotecas/usb_function_cdc.c
                 s_digits   0x003bb6    program     static E:\c18v3.46\pic18-lt\cxx-framework\src\traditional\stdclib\vfprintf.c
            s_put_n_chars   0x001d46    program     static E:\c18v3.46\pic18-lt\cxx-framework\src\traditional\stdclib\vfprintf.c
                    sd000   0x003607    program     extern /Users/filipethomaz/Teste/3Ano/4Bim/ArquiteturaDeComputadores/Trabalhos/MicroDescontrolado/Firmware/usb_descriptors.c
                    sd001   0x00360b    program     extern /Users/filipethomaz/Teste/3Ano/4Bim/ArquiteturaDeComputadores/Trabalhos/MicroDescontrolado/Firmware/usb_descriptors.c
                    sd002   0x00363f    program     extern /Users/filipethomaz/Teste/3Ano/4Bim/ArquiteturaDeComputadores/Trabalhos/MicroDescontrolado/Firmware/usb_descriptors.c
                  sprintf   0x00367c    program     extern E:\c18v3.46\pic18-lt\cxx-framework\src\traditional\stdclib\sprintf.c
                   strcpy   0x0034ae    program     extern E:\c18v3.46\pic18-lt\cxx-framework\src\traditional\stdclib\strcpy.asm
                   strlen   0x0034f0    program     extern E:\c18v3.46\pic18-lt\cxx-framework\src\traditional\stdclib\strlen.asm
                strlenpgm   0x003568    program     extern E:\c18v3.46\pic18-lt\cxx-framework\src\traditional\stdclib\slenpgm.asm
                  strncpy   0x00350c    program     extern E:\c18v3.46\pic18-lt\cxx-framework\src\traditional\stdclib\strncpy.asm
                     test   0x003742    program     static                          
                 vfprintf   0x001d72    program     extern E:\c18v3.46\pic18-lt\cxx-framework\src\traditional\stdclib\vfprintf.c
               zero_block   0x003b52    program     static E:\c18v3.46\pic18-lt\cxx-framework\src\traditional\proc\p18f4550.asm
                   ADCON0   0x000fc2       data     extern E:\c18v3.46\pic18-lt\cxx-framework\src\traditional\proc\p18f4550.asm
               ADCON0bits   0x000fc2       data     extern E:\c18v3.46\pic18-lt\cxx-framework\src\traditional\proc\p18f4550.asm
                   ADCON1   0x000fc1       data     extern E:\c18v3.46\pic18-lt\cxx-framework\src\traditional\proc\p18f4550.asm
               ADCON1bits   0x000fc1       data     extern E:\c18v3.46\pic18-lt\cxx-framework\src\traditional\proc\p18f4550.asm
                   ADCON2   0x000fc0       data     extern E:\c18v3.46\pic18-lt\cxx-framework\src\traditional\proc\p18f4550.asm
               ADCON2bits   0x000fc0       data     extern E:\c18v3.46\pic18-lt\cxx-framework\src\traditional\proc\p18f4550.asm
                    ADRES   0x000fc3       data     extern E:\c18v3.46\pic18-lt\cxx-framework\src\traditional\proc\p18f4550.asm
                   ADRESH   0x000fc4       data     extern E:\c18v3.46\pic18-lt\cxx-framework\src\traditional\proc\p18f4550.asm
                   ADRESL   0x000fc3       data     extern E:\c18v3.46\pic18-lt\cxx-framework\src\traditional\proc\p18f4550.asm
                  BAUDCON   0x000fb8       data     extern E:\c18v3.46\pic18-lt\cxx-framework\src\traditional\proc\p18f4550.asm
              BAUDCONbits   0x000fb8       data     extern E:\c18v3.46\pic18-lt\cxx-framework\src\traditional\proc\p18f4550.asm
                  BAUDCTL   0x000fb8       data     extern E:\c18v3.46\pic18-lt\cxx-framework\src\traditional\proc\p18f4550.asm
              BAUDCTLbits   0x000fb8       data     extern E:\c18v3.46\pic18-lt\cxx-framework\src\traditional\proc\p18f4550.asm
                      BDT   0x000400       data     extern /Users/filipethomaz/Teste/3Ano/4Bim/ArquiteturaDeComputadores/Trabalhos/MicroDescontrolado/Firmware/Bibliotecas/usb_device.c
                      BSR   0x000fe0       data     extern E:\c18v3.46\pic18-lt\cxx-framework\src\traditional\proc\p18f4550.asm
              BaudRateGen   0x00006d       data     extern /Users/filipethomaz/Teste/3Ano/4Bim/ArquiteturaDeComputadores/Trabalhos/MicroDescontrolado/Firmware/Bibliotecas/usb_function_cdc.c
       BothEP0OutUOWNsSet   0x0001e0       data     extern /Users/filipethomaz/Teste/3Ano/4Bim/ArquiteturaDeComputadores/Trabalhos/MicroDescontrolado/Firmware/Bibliotecas/usb_device.c
                   CCP1AS   0x000fb6       data     extern E:\c18v3.46\pic18-lt\cxx-framework\src\traditional\proc\p18f4550.asm
               CCP1ASbits   0x000fb6       data     extern E:\c18v3.46\pic18-lt\cxx-framework\src\traditional\proc\p18f4550.asm
                  CCP1CON   0x000fbd       data     extern E:\c18v3.46\pic18-lt\cxx-framework\src\traditional\proc\p18f4550.asm
              CCP1CONbits   0x000fbd       data     extern E:\c18v3.46\pic18-lt\cxx-framework\src\traditional\proc\p18f4550.asm
                  CCP1DEL   0x000fb7       data     extern E:\c18v3.46\pic18-lt\cxx-framework\src\traditional\proc\p18f4550.asm
              CCP1DELbits   0x000fb7       data     extern E:\c18v3.46\pic18-lt\cxx-framework\src\traditional\proc\p18f4550.asm
                  CCP2CON   0x000fba       data     extern E:\c18v3.46\pic18-lt\cxx-framework\src\traditional\proc\p18f4550.asm
              CCP2CONbits   0x000fba       data     extern E:\c18v3.46\pic18-lt\cxx-framework\src\traditional\proc\p18f4550.asm
                    CCPR1   0x000fbe       data     extern E:\c18v3.46\pic18-lt\cxx-framework\src\traditional\proc\p18f4550.asm
                   CCPR1H   0x000fbf       data     extern E:\c18v3.46\pic18-lt\cxx-framework\src\traditional\proc\p18f4550.asm
                   CCPR1L   0x000fbe       data     extern E:\c18v3.46\pic18-lt\cxx-framework\src\traditional\proc\p18f4550.asm
                    CCPR2   0x000fbb       data     extern E:\c18v3.46\pic18-lt\cxx-framework\src\traditional\proc\p18f4550.asm
                   CCPR2H   0x000fbc       data     extern E:\c18v3.46\pic18-lt\cxx-framework\src\traditional\proc\p18f4550.asm
                   CCPR2L   0x000fbb       data     extern E:\c18v3.46\pic18-lt\cxx-framework\src\traditional\proc\p18f4550.asm
          CDCDataInHandle   0x00006a       data     extern /Users/filipethomaz/Teste/3Ano/4Bim/ArquiteturaDeComputadores/Trabalhos/MicroDescontrolado/Firmware/Bibliotecas/usb_function_cdc.c
         CDCDataOutHandle   0x000068       data     extern /Users/filipethomaz/Teste/3Ano/4Bim/ArquiteturaDeComputadores/Trabalhos/MicroDescontrolado/Firmware/Bibliotecas/usb_function_cdc.c
                    CMCON   0x000fb4       data     extern E:\c18v3.46\pic18-lt\cxx-framework\src\traditional\proc\p18f4550.asm
                CMCONbits   0x000fb4       data     extern E:\c18v3.46\pic18-lt\cxx-framework\src\traditional\proc\p18f4550.asm
                   CVRCON   0x000fb5       data     extern E:\c18v3.46\pic18-lt\cxx-framework\src\traditional\proc\p18f4550.asm
               CVRCONbits   0x000fb5       data     extern E:\c18v3.46\pic18-lt\cxx-framework\src\traditional\proc\p18f4550.asm
              CtrlTrfData   0x000438       data     extern /Users/filipethomaz/Teste/3Ano/4Bim/ArquiteturaDeComputadores/Trabalhos/MicroDescontrolado/Firmware/Bibliotecas/usb_device.c
                     DDRA   0x000f92       data     extern E:\c18v3.46\pic18-lt\cxx-framework\src\traditional\proc\p18f4550.asm
                 DDRAbits   0x000f92       data     extern E:\c18v3.46\pic18-lt\cxx-framework\src\traditional\proc\p18f4550.asm
                     DDRB   0x000f93       data     extern E:\c18v3.46\pic18-lt\cxx-framework\src\traditional\proc\p18f4550.asm
                 DDRBbits   0x000f93       data     extern E:\c18v3.46\pic18-lt\cxx-framework\src\traditional\proc\p18f4550.asm
                     DDRC   0x000f94       data     extern E:\c18v3.46\pic18-lt\cxx-framework\src\traditional\proc\p18f4550.asm
                 DDRCbits   0x000f94       data     extern E:\c18v3.46\pic18-lt\cxx-framework\src\traditional\proc\p18f4550.asm
                     DDRD   0x000f95       data     extern E:\c18v3.46\pic18-lt\cxx-framework\src\traditional\proc\p18f4550.asm
                 DDRDbits   0x000f95       data     extern E:\c18v3.46\pic18-lt\cxx-framework\src\traditional\proc\p18f4550.asm
                     DDRE   0x000f96       data     extern E:\c18v3.46\pic18-lt\cxx-framework\src\traditional\proc\p18f4550.asm
                 DDREbits   0x000f96       data     extern E:\c18v3.46\pic18-lt\cxx-framework\src\traditional\proc\p18f4550.asm
            DelayCounter1   0x00001c       data     extern E:\c18v3.46\pic18-lt\cxx-framework\src\traditional\delays\delayd1.asm
            DelayCounter2   0x00001b       data     extern E:\c18v3.46\pic18-lt\cxx-framework\src\traditional\delays\delayd2.asm
                  ECCP1AS   0x000fb6       data     extern E:\c18v3.46\pic18-lt\cxx-framework\src\traditional\proc\p18f4550.asm
              ECCP1ASbits   0x000fb6       data     extern E:\c18v3.46\pic18-lt\cxx-framework\src\traditional\proc\p18f4550.asm
                 ECCP1CON   0x000fbd       data     extern E:\c18v3.46\pic18-lt\cxx-framework\src\traditional\proc\p18f4550.asm
             ECCP1CONbits   0x000fbd       data     extern E:\c18v3.46\pic18-lt\cxx-framework\src\traditional\proc\p18f4550.asm
                 ECCP1DEL   0x000fb7       data     extern E:\c18v3.46\pic18-lt\cxx-framework\src\traditional\proc\p18f4550.asm
             ECCP1DELbits   0x000fb7       data     extern E:\c18v3.46\pic18-lt\cxx-framework\src\traditional\proc\p18f4550.asm
                    EEADR   0x000fa9       data     extern E:\c18v3.46\pic18-lt\cxx-framework\src\traditional\proc\p18f4550.asm
                   EECON1   0x000fa6       data     extern E:\c18v3.46\pic18-lt\cxx-framework\src\traditional\proc\p18f4550.asm
               EECON1bits   0x000fa6       data     extern E:\c18v3.46\pic18-lt\cxx-framework\src\traditional\proc\p18f4550.asm
                   EECON2   0x000fa7       data     extern E:\c18v3.46\pic18-lt\cxx-framework\src\traditional\proc\p18f4550.asm
                   EEDATA   0x000fa8       data     extern E:\c18v3.46\pic18-lt\cxx-framework\src\traditional\proc\p18f4550.asm
                     FSR0   0x000fe9       data     extern E:\c18v3.46\pic18-lt\cxx-framework\src\traditional\proc\p18f4550.asm
                    FSR0H   0x000fea       data     extern E:\c18v3.46\pic18-lt\cxx-framework\src\traditional\proc\p18f4550.asm
                    FSR0L   0x000fe9       data     extern E:\c18v3.46\pic18-lt\cxx-framework\src\traditional\proc\p18f4550.asm
                     FSR1   0x000fe1       data     extern E:\c18v3.46\pic18-lt\cxx-framework\src\traditional\proc\p18f4550.asm
                    FSR1H   0x000fe2       data     extern E:\c18v3.46\pic18-lt\cxx-framework\src\traditional\proc\p18f4550.asm
                    FSR1L   0x000fe1       data     extern E:\c18v3.46\pic18-lt\cxx-framework\src\traditional\proc\p18f4550.asm
                     FSR2   0x000fd9       data     extern E:\c18v3.46\pic18-lt\cxx-framework\src\traditional\proc\p18f4550.asm
                    FSR2H   0x000fda       data     extern E:\c18v3.46\pic18-lt\cxx-framework\src\traditional\proc\p18f4550.asm
                    FSR2L   0x000fd9       data     extern E:\c18v3.46\pic18-lt\cxx-framework\src\traditional\proc\p18f4550.asm
                  HLVDCON   0x000fd2       data     extern E:\c18v3.46\pic18-lt\cxx-framework\src\traditional\proc\p18f4550.asm
              HLVDCONbits   0x000fd2       data     extern E:\c18v3.46\pic18-lt\cxx-framework\src\traditional\proc\p18f4550.asm
                    INDF0   0x000fef       data     extern E:\c18v3.46\pic18-lt\cxx-framework\src\traditional\proc\p18f4550.asm
                    INDF1   0x000fe7       data     extern E:\c18v3.46\pic18-lt\cxx-framework\src\traditional\proc\p18f4550.asm
                    INDF2   0x000fdf       data     extern E:\c18v3.46\pic18-lt\cxx-framework\src\traditional\proc\p18f4550.asm
                   INTCON   0x000ff2       data     extern E:\c18v3.46\pic18-lt\cxx-framework\src\traditional\proc\p18f4550.asm
                  INTCON2   0x000ff1       data     extern E:\c18v3.46\pic18-lt\cxx-framework\src\traditional\proc\p18f4550.asm
              INTCON2bits   0x000ff1       data     extern E:\c18v3.46\pic18-lt\cxx-framework\src\traditional\proc\p18f4550.asm
                  INTCON3   0x000ff0       data     extern E:\c18v3.46\pic18-lt\cxx-framework\src\traditional\proc\p18f4550.asm
              INTCON3bits   0x000ff0       data     extern E:\c18v3.46\pic18-lt\cxx-framework\src\traditional\proc\p18f4550.asm
               INTCONbits   0x000ff2       data     extern E:\c18v3.46\pic18-lt\cxx-framework\src\traditional\proc\p18f4550.asm
                     IPR1   0x000f9f       data     extern E:\c18v3.46\pic18-lt\cxx-framework\src\traditional\proc\p18f4550.asm
                 IPR1bits   0x000f9f       data     extern E:\c18v3.46\pic18-lt\cxx-framework\src\traditional\proc\p18f4550.asm
                     IPR2   0x000fa2       data     extern E:\c18v3.46\pic18-lt\cxx-framework\src\traditional\proc\p18f4550.asm
                 IPR2bits   0x000fa2       data     extern E:\c18v3.46\pic18-lt\cxx-framework\src\traditional\proc\p18f4550.asm
                     LATA   0x000f89       data     extern E:\c18v3.46\pic18-lt\cxx-framework\src\traditional\proc\p18f4550.asm
                 LATAbits   0x000f89       data     extern E:\c18v3.46\pic18-lt\cxx-framework\src\traditional\proc\p18f4550.asm
                     LATB   0x000f8a       data     extern E:\c18v3.46\pic18-lt\cxx-framework\src\traditional\proc\p18f4550.asm
                 LATBbits   0x000f8a       data     extern E:\c18v3.46\pic18-lt\cxx-framework\src\traditional\proc\p18f4550.asm
                     LATC   0x000f8b       data     extern E:\c18v3.46\pic18-lt\cxx-framework\src\traditional\proc\p18f4550.asm
                 LATCbits   0x000f8b       data     extern E:\c18v3.46\pic18-lt\cxx-framework\src\traditional\proc\p18f4550.asm
                     LATD   0x000f8c       data     extern E:\c18v3.46\pic18-lt\cxx-framework\src\traditional\proc\p18f4550.asm
                 LATDbits   0x000f8c       data     extern E:\c18v3.46\pic18-lt\cxx-framework\src\traditional\proc\p18f4550.asm
                     LATE   0x000f8d       data     extern E:\c18v3.46\pic18-lt\cxx-framework\src\traditional\proc\p18f4550.asm
                 LATEbits   0x000f8d       data     extern E:\c18v3.46\pic18-lt\cxx-framework\src\traditional\proc\p18f4550.asm
                   LVDCON   0x000fd2       data     extern E:\c18v3.46\pic18-lt\cxx-framework\src\traditional\proc\p18f4550.asm
               LVDCONbits   0x000fd2       data     extern E:\c18v3.46\pic18-lt\cxx-framework\src\traditional\proc\p18f4550.asm
                   OSCCON   0x000fd3       data     extern E:\c18v3.46\pic18-lt\cxx-framework\src\traditional\proc\p18f4550.asm
               OSCCONbits   0x000fd3       data     extern E:\c18v3.46\pic18-lt\cxx-framework\src\traditional\proc\p18f4550.asm
                  OSCTUNE   0x000f9b       data     extern E:\c18v3.46\pic18-lt\cxx-framework\src\traditional\proc\p18f4550.asm
              OSCTUNEbits   0x000f9b       data     extern E:\c18v3.46\pic18-lt\cxx-framework\src\traditional\proc\p18f4550.asm
                       PC   0x000ff9       data     extern E:\c18v3.46\pic18-lt\cxx-framework\src\traditional\proc\p18f4550.asm
                      PCL   0x000ff9       data     extern E:\c18v3.46\pic18-lt\cxx-framework\src\traditional\proc\p18f4550.asm
                   PCLATH   0x000ffa       data     extern E:\c18v3.46\pic18-lt\cxx-framework\src\traditional\proc\p18f4550.asm
                   PCLATU   0x000ffb       data     extern E:\c18v3.46\pic18-lt\cxx-framework\src\traditional\proc\p18f4550.asm
                     PIE1   0x000f9d       data     extern E:\c18v3.46\pic18-lt\cxx-framework\src\traditional\proc\p18f4550.asm
                 PIE1bits   0x000f9d       data     extern E:\c18v3.46\pic18-lt\cxx-framework\src\traditional\proc\p18f4550.asm
                     PIE2   0x000fa0       data     extern E:\c18v3.46\pic18-lt\cxx-framework\src\traditional\proc\p18f4550.asm
                 PIE2bits   0x000fa0       data     extern E:\c18v3.46\pic18-lt\cxx-framework\src\traditional\proc\p18f4550.asm
                     PIR1   0x000f9e       data     extern E:\c18v3.46\pic18-lt\cxx-framework\src\traditional\proc\p18f4550.asm
                 PIR1bits   0x000f9e       data     extern E:\c18v3.46\pic18-lt\cxx-framework\src\traditional\proc\p18f4550.asm
                     PIR2   0x000fa1       data     extern E:\c18v3.46\pic18-lt\cxx-framework\src\traditional\proc\p18f4550.asm
                 PIR2bits   0x000fa1       data     extern E:\c18v3.46\pic18-lt\cxx-framework\src\traditional\proc\p18f4550.asm
                   PLUSW0   0x000feb       data     extern E:\c18v3.46\pic18-lt\cxx-framework\src\traditional\proc\p18f4550.asm
                   PLUSW1   0x000fe3       data     extern E:\c18v3.46\pic18-lt\cxx-framework\src\traditional\proc\p18f4550.asm
                   PLUSW2   0x000fdb       data     extern E:\c18v3.46\pic18-lt\cxx-framework\src\traditional\proc\p18f4550.asm
                    PORTA   0x000f80       data     extern E:\c18v3.46\pic18-lt\cxx-framework\src\traditional\proc\p18f4550.asm
                PORTAbits   0x000f80       data     extern E:\c18v3.46\pic18-lt\cxx-framework\src\traditional\proc\p18f4550.asm
                    PORTB   0x000f81       data     extern E:\c18v3.46\pic18-lt\cxx-framework\src\traditional\proc\p18f4550.asm
                PORTBbits   0x000f81       data     extern E:\c18v3.46\pic18-lt\cxx-framework\src\traditional\proc\p18f4550.asm
                    PORTC   0x000f82       data     extern E:\c18v3.46\pic18-lt\cxx-framework\src\traditional\proc\p18f4550.asm
                PORTCbits   0x000f82       data     extern E:\c18v3.46\pic18-lt\cxx-framework\src\traditional\proc\p18f4550.asm
                    PORTD   0x000f83       data     extern E:\c18v3.46\pic18-lt\cxx-framework\src\traditional\proc\p18f4550.asm
                PORTDbits   0x000f83       data     extern E:\c18v3.46\pic18-lt\cxx-framework\src\traditional\proc\p18f4550.asm
                    PORTE   0x000f84       data     extern E:\c18v3.46\pic18-lt\cxx-framework\src\traditional\proc\p18f4550.asm
                PORTEbits   0x000f84       data     extern E:\c18v3.46\pic18-lt\cxx-framework\src\traditional\proc\p18f4550.asm
                 POSTDEC0   0x000fed       data     extern E:\c18v3.46\pic18-lt\cxx-framework\src\traditional\proc\p18f4550.asm
                 POSTDEC1   0x000fe5       data     extern E:\c18v3.46\pic18-lt\cxx-framework\src\traditional\proc\p18f4550.asm
                 POSTDEC2   0x000fdd       data     extern E:\c18v3.46\pic18-lt\cxx-framework\src\traditional\proc\p18f4550.asm
                 POSTINC0   0x000fee       data     extern E:\c18v3.46\pic18-lt\cxx-framework\src\traditional\proc\p18f4550.asm
                 POSTINC1   0x000fe6       data     extern E:\c18v3.46\pic18-lt\cxx-framework\src\traditional\proc\p18f4550.asm
                 POSTINC2   0x000fde       data     extern E:\c18v3.46\pic18-lt\cxx-framework\src\traditional\proc\p18f4550.asm
                      PR2   0x000fcb       data     extern E:\c18v3.46\pic18-lt\cxx-framework\src\traditional\proc\p18f4550.asm
                  PREINC0   0x000fec       data     extern E:\c18v3.46\pic18-lt\cxx-framework\src\traditional\proc\p18f4550.asm
                  PREINC1   0x000fe4       data     extern E:\c18v3.46\pic18-lt\cxx-framework\src\traditional\proc\p18f4550.asm
                  PREINC2   0x000fdc       data     extern E:\c18v3.46\pic18-lt\cxx-framework\src\traditional\proc\p18f4550.asm
                     PROD   0x000ff3       data     extern E:\c18v3.46\pic18-lt\cxx-framework\src\traditional\proc\p18f4550.asm
                    PRODH   0x000ff4       data     extern E:\c18v3.46\pic18-lt\cxx-framework\src\traditional\proc\p18f4550.asm
                    PRODL   0x000ff3       data     extern E:\c18v3.46\pic18-lt\cxx-framework\src\traditional\proc\p18f4550.asm
                     RCON   0x000fd0       data     extern E:\c18v3.46\pic18-lt\cxx-framework\src\traditional\proc\p18f4550.asm
                 RCONbits   0x000fd0       data     extern E:\c18v3.46\pic18-lt\cxx-framework\src\traditional\proc\p18f4550.asm
                    RCREG   0x000fae       data     extern E:\c18v3.46\pic18-lt\cxx-framework\src\traditional\proc\p18f4550.asm
                    RCSTA   0x000fab       data     extern E:\c18v3.46\pic18-lt\cxx-framework\src\traditional\proc\p18f4550.asm
                RCSTAbits   0x000fab       data     extern E:\c18v3.46\pic18-lt\cxx-framework\src\traditional\proc\p18f4550.asm
             RemoteWakeup   0x0001dc       data     extern /Users/filipethomaz/Teste/3Ano/4Bim/ArquiteturaDeComputadores/Trabalhos/MicroDescontrolado/Firmware/Bibliotecas/usb_device.c
                     SIGN   0x000009       data     extern E:\c18v3.46\pic18-lt\cxx-framework\src\traditional\math\cmath18.asm
                    SPBRG   0x000faf       data     extern E:\c18v3.46\pic18-lt\cxx-framework\src\traditional\proc\p18f4550.asm
                   SPBRGH   0x000fb0       data     extern E:\c18v3.46\pic18-lt\cxx-framework\src\traditional\proc\p18f4550.asm
                   SPPCFG   0x000f63       data     extern E:\c18v3.46\pic18-lt\cxx-framework\src\traditional\proc\p18f4550.asm
               SPPCFGbits   0x000f63       data     extern E:\c18v3.46\pic18-lt\cxx-framework\src\traditional\proc\p18f4550.asm
                   SPPCON   0x000f65       data     extern E:\c18v3.46\pic18-lt\cxx-framework\src\traditional\proc\p18f4550.asm
               SPPCONbits   0x000f65       data     extern E:\c18v3.46\pic18-lt\cxx-framework\src\traditional\proc\p18f4550.asm
                  SPPDATA   0x000f62       data     extern E:\c18v3.46\pic18-lt\cxx-framework\src\traditional\proc\p18f4550.asm
                   SPPEPS   0x000f64       data     extern E:\c18v3.46\pic18-lt\cxx-framework\src\traditional\proc\p18f4550.asm
               SPPEPSbits   0x000f64       data     extern E:\c18v3.46\pic18-lt\cxx-framework\src\traditional\proc\p18f4550.asm
                   SSPADD   0x000fc8       data     extern E:\c18v3.46\pic18-lt\cxx-framework\src\traditional\proc\p18f4550.asm
                   SSPBUF   0x000fc9       data     extern E:\c18v3.46\pic18-lt\cxx-framework\src\traditional\proc\p18f4550.asm
                  SSPCON1   0x000fc6       data     extern E:\c18v3.46\pic18-lt\cxx-framework\src\traditional\proc\p18f4550.asm
              SSPCON1bits   0x000fc6       data     extern E:\c18v3.46\pic18-lt\cxx-framework\src\traditional\proc\p18f4550.asm
                  SSPCON2   0x000fc5       data     extern E:\c18v3.46\pic18-lt\cxx-framework\src\traditional\proc\p18f4550.asm
              SSPCON2bits   0x000fc5       data     extern E:\c18v3.46\pic18-lt\cxx-framework\src\traditional\proc\p18f4550.asm
                  SSPSTAT   0x000fc7       data     extern E:\c18v3.46\pic18-lt\cxx-framework\src\traditional\proc\p18f4550.asm
              SSPSTATbits   0x000fc7       data     extern E:\c18v3.46\pic18-lt\cxx-framework\src\traditional\proc\p18f4550.asm
                   STATUS   0x000fd8       data     extern E:\c18v3.46\pic18-lt\cxx-framework\src\traditional\proc\p18f4550.asm
               STATUSbits   0x000fd8       data     extern E:\c18v3.46\pic18-lt\cxx-framework\src\traditional\proc\p18f4550.asm
                   STKPTR   0x000ffc       data     extern E:\c18v3.46\pic18-lt\cxx-framework\src\traditional\proc\p18f4550.asm
               STKPTRbits   0x000ffc       data     extern E:\c18v3.46\pic18-lt\cxx-framework\src\traditional\proc\p18f4550.asm
                 SetupPkt   0x000430       data     extern /Users/filipethomaz/Teste/3Ano/4Bim/ArquiteturaDeComputadores/Trabalhos/MicroDescontrolado/Firmware/Bibliotecas/usb_device.c
                    T0CON   0x000fd5       data     extern E:\c18v3.46\pic18-lt\cxx-framework\src\traditional\proc\p18f4550.asm
                T0CONbits   0x000fd5       data     extern E:\c18v3.46\pic18-lt\cxx-framework\src\traditional\proc\p18f4550.asm
                    T1CON   0x000fcd       data     extern E:\c18v3.46\pic18-lt\cxx-framework\src\traditional\proc\p18f4550.asm
                T1CONbits   0x000fcd       data     extern E:\c18v3.46\pic18-lt\cxx-framework\src\traditional\proc\p18f4550.asm
                    T2CON   0x000fca       data     extern E:\c18v3.46\pic18-lt\cxx-framework\src\traditional\proc\p18f4550.asm
                T2CONbits   0x000fca       data     extern E:\c18v3.46\pic18-lt\cxx-framework\src\traditional\proc\p18f4550.asm
                    T3CON   0x000fb1       data     extern E:\c18v3.46\pic18-lt\cxx-framework\src\traditional\proc\p18f4550.asm
                T3CONbits   0x000fb1       data     extern E:\c18v3.46\pic18-lt\cxx-framework\src\traditional\proc\p18f4550.asm
                   TABLAT   0x000ff5       data     extern E:\c18v3.46\pic18-lt\cxx-framework\src\traditional\proc\p18f4550.asm
                   TBLPTR   0x000ff6       data     extern E:\c18v3.46\pic18-lt\cxx-framework\src\traditional\proc\p18f4550.asm
                  TBLPTRH   0x000ff7       data     extern E:\c18v3.46\pic18-lt\cxx-framework\src\traditional\proc\p18f4550.asm
                  TBLPTRL   0x000ff6       data     extern E:\c18v3.46\pic18-lt\cxx-framework\src\traditional\proc\p18f4550.asm
                  TBLPTRU   0x000ff8       data     extern E:\c18v3.46\pic18-lt\cxx-framework\src\traditional\proc\p18f4550.asm
                    TMR0H   0x000fd7       data     extern E:\c18v3.46\pic18-lt\cxx-framework\src\traditional\proc\p18f4550.asm
                    TMR0L   0x000fd6       data     extern E:\c18v3.46\pic18-lt\cxx-framework\src\traditional\proc\p18f4550.asm
                    TMR1H   0x000fcf       data     extern E:\c18v3.46\pic18-lt\cxx-framework\src\traditional\proc\p18f4550.asm
                    TMR1L   0x000fce       data     extern E:\c18v3.46\pic18-lt\cxx-framework\src\traditional\proc\p18f4550.asm
                     TMR2   0x000fcc       data     extern E:\c18v3.46\pic18-lt\cxx-framework\src\traditional\proc\p18f4550.asm
                    TMR3H   0x000fb3       data     extern E:\c18v3.46\pic18-lt\cxx-framework\src\traditional\proc\p18f4550.asm
                    TMR3L   0x000fb2       data     extern E:\c18v3.46\pic18-lt\cxx-framework\src\traditional\proc\p18f4550.asm
                      TOS   0x000ffd       data     extern E:\c18v3.46\pic18-lt\cxx-framework\src\traditional\proc\p18f4550.asm
                     TOSH   0x000ffe       data     extern E:\c18v3.46\pic18-lt\cxx-framework\src\traditional\proc\p18f4550.asm
                     TOSL   0x000ffd       data     extern E:\c18v3.46\pic18-lt\cxx-framework\src\traditional\proc\p18f4550.asm
                     TOSU   0x000fff       data     extern E:\c18v3.46\pic18-lt\cxx-framework\src\traditional\proc\p18f4550.asm
                    TRISA   0x000f92       data     extern E:\c18v3.46\pic18-lt\cxx-framework\src\traditional\proc\p18f4550.asm
                TRISAbits   0x000f92       data     extern E:\c18v3.46\pic18-lt\cxx-framework\src\traditional\proc\p18f4550.asm
                    TRISB   0x000f93       data     extern E:\c18v3.46\pic18-lt\cxx-framework\src\traditional\proc\p18f4550.asm
                TRISBbits   0x000f93       data     extern E:\c18v3.46\pic18-lt\cxx-framework\src\traditional\proc\p18f4550.asm
                    TRISC   0x000f94       data     extern E:\c18v3.46\pic18-lt\cxx-framework\src\traditional\proc\p18f4550.asm
                TRISCbits   0x000f94       data     extern E:\c18v3.46\pic18-lt\cxx-framework\src\traditional\proc\p18f4550.asm
                    TRISD   0x000f95       data     extern E:\c18v3.46\pic18-lt\cxx-framework\src\traditional\proc\p18f4550.asm
                TRISDbits   0x000f95       data     extern E:\c18v3.46\pic18-lt\cxx-framework\src\traditional\proc\p18f4550.asm
                    TRISE   0x000f96       data     extern E:\c18v3.46\pic18-lt\cxx-framework\src\traditional\proc\p18f4550.asm
                TRISEbits   0x000f96       data     extern E:\c18v3.46\pic18-lt\cxx-framework\src\traditional\proc\p18f4550.asm
                    TXREG   0x000fad       data     extern E:\c18v3.46\pic18-lt\cxx-framework\src\traditional\proc\p18f4550.asm
                    TXSTA   0x000fac       data     extern E:\c18v3.46\pic18-lt\cxx-framework\src\traditional\proc\p18f4550.asm
                TXSTAbits   0x000fac       data     extern E:\c18v3.46\pic18-lt\cxx-framework\src\traditional\proc\p18f4550.asm
                    UADDR   0x000f6e       data     extern E:\c18v3.46\pic18-lt\cxx-framework\src\traditional\proc\p18f4550.asm
                UADDRbits   0x000f6e       data     extern E:\c18v3.46\pic18-lt\cxx-framework\src\traditional\proc\p18f4550.asm
                     UCFG   0x000f6f       data     extern E:\c18v3.46\pic18-lt\cxx-framework\src\traditional\proc\p18f4550.asm
                 UCFGbits   0x000f6f       data     extern E:\c18v3.46\pic18-lt\cxx-framework\src\traditional\proc\p18f4550.asm
                     UCON   0x000f6d       data     extern E:\c18v3.46\pic18-lt\cxx-framework\src\traditional\proc\p18f4550.asm
                 UCONbits   0x000f6d       data     extern E:\c18v3.46\pic18-lt\cxx-framework\src\traditional\proc\p18f4550.asm
                     UEIE   0x000f6b       data     extern E:\c18v3.46\pic18-lt\cxx-framework\src\traditional\proc\p18f4550.asm
                 UEIEbits   0x000f6b       data     extern E:\c18v3.46\pic18-lt\cxx-framework\src\traditional\proc\p18f4550.asm
                     UEIR   0x000f6a       data     extern E:\c18v3.46\pic18-lt\cxx-framework\src\traditional\proc\p18f4550.asm
                 UEIRbits   0x000f6a       data     extern E:\c18v3.46\pic18-lt\cxx-framework\src\traditional\proc\p18f4550.asm
                     UEP0   0x000f70       data     extern E:\c18v3.46\pic18-lt\cxx-framework\src\traditional\proc\p18f4550.asm
                 UEP0bits   0x000f70       data     extern E:\c18v3.46\pic18-lt\cxx-framework\src\traditional\proc\p18f4550.asm
                     UEP1   0x000f71       data     extern E:\c18v3.46\pic18-lt\cxx-framework\src\traditional\proc\p18f4550.asm
[...]
                 DDRDbits   0x000f95       data     extern E:\c18v3.46\pic18-lt\cxx-framework\src\traditional\proc\p18f4550.asm
                     DDRD   0x000f95       data     extern E:\c18v3.46\pic18-lt\cxx-framework\src\traditional\proc\p18f4550.asm
                 DDREbits   0x000f96       data     extern E:\c18v3.46\pic18-lt\cxx-framework\src\traditional\proc\p18f4550.asm
                TRISEbits   0x000f96       data     extern E:\c18v3.46\pic18-lt\cxx-framework\src\traditional\proc\p18f4550.asm
                     DDRE   0x000f96       data     extern E:\c18v3.46\pic18-lt\cxx-framework\src\traditional\proc\p18f4550.asm
                    TRISE   0x000f96       data     extern E:\c18v3.46\pic18-lt\cxx-framework\src\traditional\proc\p18f4550.asm
              OSCTUNEbits   0x000f9b       data     extern E:\c18v3.46\pic18-lt\cxx-framework\src\traditional\proc\p18f4550.asm
                  OSCTUNE   0x000f9b       data     extern E:\c18v3.46\pic18-lt\cxx-framework\src\traditional\proc\p18f4550.asm
                     PIE1   0x000f9d       data     extern E:\c18v3.46\pic18-lt\cxx-framework\src\traditional\proc\p18f4550.asm
                 PIE1bits   0x000f9d       data     extern E:\c18v3.46\pic18-lt\cxx-framework\src\traditional\proc\p18f4550.asm
                     PIR1   0x000f9e       data     extern E:\c18v3.46\pic18-lt\cxx-framework\src\traditional\proc\p18f4550.asm
                 PIR1bits   0x000f9e       data     extern E:\c18v3.46\pic18-lt\cxx-framework\src\traditional\proc\p18f4550.asm
                 IPR1bits   0x000f9f       data     extern E:\c18v3.46\pic18-lt\cxx-framework\src\traditional\proc\p18f4550.asm
                     IPR1   0x000f9f       data     extern E:\c18v3.46\pic18-lt\cxx-framework\src\traditional\proc\p18f4550.asm
                     PIE2   0x000fa0       data     extern E:\c18v3.46\pic18-lt\cxx-framework\src\traditional\proc\p18f4550.asm
                 PIE2bits   0x000fa0       data     extern E:\c18v3.46\pic18-lt\cxx-framework\src\traditional\proc\p18f4550.asm
                 PIR2bits   0x000fa1       data     extern E:\c18v3.46\pic18-lt\cxx-framework\src\traditional\proc\p18f4550.asm
                     PIR2   0x000fa1       data     extern E:\c18v3.46\pic18-lt\cxx-framework\src\traditional\proc\p18f4550.asm
                 IPR2bits   0x000fa2       data     extern E:\c18v3.46\pic18-lt\cxx-framework\src\traditional\proc\p18f4550.asm
                     IPR2   0x000fa2       data     extern E:\c18v3.46\pic18-lt\cxx-framework\src\traditional\proc\p18f4550.asm
               EECON1bits   0x000fa6       data     extern E:\c18v3.46\pic18-lt\cxx-framework\src\traditional\proc\p18f4550.asm
                   EECON1   0x000fa6       data     extern E:\c18v3.46\pic18-lt\cxx-framework\src\traditional\proc\p18f4550.asm
                   EECON2   0x000fa7       data     extern E:\c18v3.46\pic18-lt\cxx-framework\src\traditional\proc\p18f4550.asm
                   EEDATA   0x000fa8       data     extern E:\c18v3.46\pic18-lt\cxx-framework\src\traditional\proc\p18f4550.asm
                    EEADR   0x000fa9       data     extern E:\c18v3.46\pic18-lt\cxx-framework\src\traditional\proc\p18f4550.asm
                RCSTAbits   0x000fab       data     extern E:\c18v3.46\pic18-lt\cxx-framework\src\traditional\proc\p18f4550.asm
                    RCSTA   0x000fab       data     extern E:\c18v3.46\pic18-lt\cxx-framework\src\traditional\proc\p18f4550.asm
                TXSTAbits   0x000fac       data     extern E:\c18v3.46\pic18-lt\cxx-framework\src\traditional\proc\p18f4550.asm
                    TXSTA   0x000fac       data     extern E:\c18v3.46\pic18-lt\cxx-framework\src\traditional\proc\p18f4550.asm
                    TXREG   0x000fad       data     extern E:\c18v3.46\pic18-lt\cxx-framework\src\traditional\proc\p18f4550.asm
                    RCREG   0x000fae       data     extern E:\c18v3.46\pic18-lt\cxx-framework\src\traditional\proc\p18f4550.asm
                    SPBRG   0x000faf       data     extern E:\c18v3.46\pic18-lt\cxx-framework\src\traditional\proc\p18f4550.asm
                   SPBRGH   0x000fb0       data     extern E:\c18v3.46\pic18-lt\cxx-framework\src\traditional\proc\p18f4550.asm
                    T3CON   0x000fb1       data     extern E:\c18v3.46\pic18-lt\cxx-framework\src\traditional\proc\p18f4550.asm
                T3CONbits   0x000fb1       data     extern E:\c18v3.46\pic18-lt\cxx-framework\src\traditional\proc\p18f4550.asm
                    TMR3L   0x000fb2       data     extern E:\c18v3.46\pic18-lt\cxx-framework\src\traditional\proc\p18f4550.asm
                    TMR3H   0x000fb3       data     extern E:\c18v3.46\pic18-lt\cxx-framework\src\traditional\proc\p18f4550.asm
                    CMCON   0x000fb4       data     extern E:\c18v3.46\pic18-lt\cxx-framework\src\traditional\proc\p18f4550.asm
                CMCONbits   0x000fb4       data     extern E:\c18v3.46\pic18-lt\cxx-framework\src\traditional\proc\p18f4550.asm
                   CVRCON   0x000fb5       data     extern E:\c18v3.46\pic18-lt\cxx-framework\src\traditional\proc\p18f4550.asm
               CVRCONbits   0x000fb5       data     extern E:\c18v3.46\pic18-lt\cxx-framework\src\traditional\proc\p18f4550.asm
               CCP1ASbits   0x000fb6       data     extern E:\c18v3.46\pic18-lt\cxx-framework\src\traditional\proc\p18f4550.asm
                   CCP1AS   0x000fb6       data     extern E:\c18v3.46\pic18-lt\cxx-framework\src\traditional\proc\p18f4550.asm
                  ECCP1AS   0x000fb6       data     extern E:\c18v3.46\pic18-lt\cxx-framework\src\traditional\proc\p18f4550.asm
              ECCP1ASbits   0x000fb6       data     extern E:\c18v3.46\pic18-lt\cxx-framework\src\traditional\proc\p18f4550.asm
             ECCP1DELbits   0x000fb7       data     extern E:\c18v3.46\pic18-lt\cxx-framework\src\traditional\proc\p18f4550.asm
                 ECCP1DEL   0x000fb7       data     extern E:\c18v3.46\pic18-lt\cxx-framework\src\traditional\proc\p18f4550.asm
                  CCP1DEL   0x000fb7       data     extern E:\c18v3.46\pic18-lt\cxx-framework\src\traditional\proc\p18f4550.asm
              CCP1DELbits   0x000fb7       data     extern E:\c18v3.46\pic18-lt\cxx-framework\src\traditional\proc\p18f4550.asm
                  BAUDCON   0x000fb8       data     extern E:\c18v3.46\pic18-lt\cxx-framework\src\traditional\proc\p18f4550.asm
              BAUDCONbits   0x000fb8       data     extern E:\c18v3.46\pic18-lt\cxx-framework\src\traditional\proc\p18f4550.asm
                  BAUDCTL   0x000fb8       data     extern E:\c18v3.46\pic18-lt\cxx-framework\src\traditional\proc\p18f4550.asm
              BAUDCTLbits   0x000fb8       data     extern E:\c18v3.46\pic18-lt\cxx-framework\src\traditional\proc\p18f4550.asm
              CCP2CONbits   0x000fba       data     extern E:\c18v3.46\pic18-lt\cxx-framework\src\traditional\proc\p18f4550.asm
                  CCP2CON   0x000fba       data     extern E:\c18v3.46\pic18-lt\cxx-framework\src\traditional\proc\p18f4550.asm
                    CCPR2   0x000fbb       data     extern E:\c18v3.46\pic18-lt\cxx-framework\src\traditional\proc\p18f4550.asm
                   CCPR2L   0x000fbb       data     extern E:\c18v3.46\pic18-lt\cxx-framework\src\traditional\proc\p18f4550.asm
                   CCPR2H   0x000fbc       data     extern E:\c18v3.46\pic18-lt\cxx-framework\src\traditional\proc\p18f4550.asm
              CCP1CONbits   0x000fbd       data     extern E:\c18v3.46\pic18-lt\cxx-framework\src\traditional\proc\p18f4550.asm
                 ECCP1CON   0x000fbd       data     extern E:\c18v3.46\pic18-lt\cxx-framework\src\traditional\proc\p18f4550.asm
             ECCP1CONbits   0x000fbd       data     extern E:\c18v3.46\pic18-lt\cxx-framework\src\traditional\proc\p18f4550.asm
                  CCP1CON   0x000fbd       data     extern E:\c18v3.46\pic18-lt\cxx-framework\src\traditional\proc\p18f4550.asm
                    CCPR1   0x000fbe       data     extern E:\c18v3.46\pic18-lt\cxx-framework\src\traditional\proc\p18f4550.asm
                   CCPR1L   0x000fbe       data     extern E:\c18v3.46\pic18-lt\cxx-framework\src\traditional\proc\p18f4550.asm
                   CCPR1H   0x000fbf       data     extern E:\c18v3.46\pic18-lt\cxx-framework\src\traditional\proc\p18f4550.asm
                   ADCON2   0x000fc0       data     extern E:\c18v3.46\pic18-lt\cxx-framework\src\traditional\proc\p18f4550.asm
               ADCON2bits   0x000fc0       data     extern E:\c18v3.46\pic18-lt\cxx-framework\src\traditional\proc\p18f4550.asm
               ADCON1bits   0x000fc1       data     extern E:\c18v3.46\pic18-lt\cxx-framework\src\traditional\proc\p18f4550.asm
                   ADCON1   0x000fc1       data     extern E:\c18v3.46\pic18-lt\cxx-framework\src\traditional\proc\p18f4550.asm
                   ADCON0   0x000fc2       data     extern E:\c18v3.46\pic18-lt\cxx-framework\src\traditional\proc\p18f4550.asm
               ADCON0bits   0x000fc2       data     extern E:\c18v3.46\pic18-lt\cxx-framework\src\traditional\proc\p18f4550.asm
                    ADRES   0x000fc3       data     extern E:\c18v3.46\pic18-lt\cxx-framework\src\traditional\proc\p18f4550.asm
                   ADRESL   0x000fc3       data     extern E:\c18v3.46\pic18-lt\cxx-framework\src\traditional\proc\p18f4550.asm
                   ADRESH   0x000fc4       data     extern E:\c18v3.46\pic18-lt\cxx-framework\src\traditional\proc\p18f4550.asm
                  SSPCON2   0x000fc5       data     extern E:\c18v3.46\pic18-lt\cxx-framework\src\traditional\proc\p18f4550.asm
              SSPCON2bits   0x000fc5       data     extern E:\c18v3.46\pic18-lt\cxx-framework\src\traditional\proc\p18f4550.asm
                  SSPCON1   0x000fc6       data     extern E:\c18v3.46\pic18-lt\cxx-framework\src\traditional\proc\p18f4550.asm
              SSPCON1bits   0x000fc6       data     extern E:\c18v3.46\pic18-lt\cxx-framework\src\traditional\proc\p18f4550.asm
                  SSPSTAT   0x000fc7       data     extern E:\c18v3.46\pic18-lt\cxx-framework\src\traditional\proc\p18f4550.asm
              SSPSTATbits   0x000fc7       data     extern E:\c18v3.46\pic18-lt\cxx-framework\src\traditional\proc\p18f4550.asm
                   SSPADD   0x000fc8       data     extern E:\c18v3.46\pic18-lt\cxx-framework\src\traditional\proc\p18f4550.asm
                   SSPBUF   0x000fc9       data     extern E:\c18v3.46\pic18-lt\cxx-framework\src\traditional\proc\p18f4550.asm
                    T2CON   0x000fca       data     extern E:\c18v3.46\pic18-lt\cxx-framework\src\traditional\proc\p18f4550.asm
                T2CONbits   0x000fca       data     extern E:\c18v3.46\pic18-lt\cxx-framework\src\traditional\proc\p18f4550.asm
                      PR2   0x000fcb       data     extern E:\c18v3.46\pic18-lt\cxx-framework\src\traditional\proc\p18f4550.asm
                     TMR2   0x000fcc       data     extern E:\c18v3.46\pic18-lt\cxx-framework\src\traditional\proc\p18f4550.asm
                T1CONbits   0x000fcd       data     extern E:\c18v3.46\pic18-lt\cxx-framework\src\traditional\proc\p18f4550.asm
                    T1CON   0x000fcd       data     extern E:\c18v3.46\pic18-lt\cxx-framework\src\traditional\proc\p18f4550.asm
                    TMR1L   0x000fce       data     extern E:\c18v3.46\pic18-lt\cxx-framework\src\traditional\proc\p18f4550.asm
                    TMR1H   0x000fcf       data     extern E:\c18v3.46\pic18-lt\cxx-framework\src\traditional\proc\p18f4550.asm
                     RCON   0x000fd0       data     extern E:\c18v3.46\pic18-lt\cxx-framework\src\traditional\proc\p18f4550.asm
                 RCONbits   0x000fd0       data     extern E:\c18v3.46\pic18-lt\cxx-framework\src\traditional\proc\p18f4550.asm
                   WDTCON   0x000fd1       data     extern E:\c18v3.46\pic18-lt\cxx-framework\src\traditional\proc\p18f4550.asm
               WDTCONbits   0x000fd1       data     extern E:\c18v3.46\pic18-lt\cxx-framework\src\traditional\proc\p18f4550.asm
                  HLVDCON   0x000fd2       data     extern E:\c18v3.46\pic18-lt\cxx-framework\src\traditional\proc\p18f4550.asm
              HLVDCONbits   0x000fd2       data     extern E:\c18v3.46\pic18-lt\cxx-framework\src\traditional\proc\p18f4550.asm
                   LVDCON   0x000fd2       data     extern E:\c18v3.46\pic18-lt\cxx-framework\src\traditional\proc\p18f4550.asm
               LVDCONbits   0x000fd2       data     extern E:\c18v3.46\pic18-lt\cxx-framework\src\traditional\proc\p18f4550.asm
                   OSCCON   0x000fd3       data     extern E:\c18v3.46\pic18-lt\cxx-framework\src\traditional\proc\p18f4550.asm
               OSCCONbits   0x000fd3       data     extern E:\c18v3.46\pic18-lt\cxx-framework\src\traditional\proc\p18f4550.asm
                T0CONbits   0x000fd5       data     extern E:\c18v3.46\pic18-lt\cxx-framework\src\traditional\proc\p18f4550.asm
                    T0CON   0x000fd5       data     extern E:\c18v3.46\pic18-lt\cxx-framework\src\traditional\proc\p18f4550.asm
                    TMR0L   0x000fd6       data     extern E:\c18v3.46\pic18-lt\cxx-framework\src\traditional\proc\p18f4550.asm
                    TMR0H   0x000fd7       data     extern E:\c18v3.46\pic18-lt\cxx-framework\src\traditional\proc\p18f4550.asm
                   STATUS   0x000fd8       data     extern E:\c18v3.46\pic18-lt\cxx-framework\src\traditional\proc\p18f4550.asm
               STATUSbits   0x000fd8       data     extern E:\c18v3.46\pic18-lt\cxx-framework\src\traditional\proc\p18f4550.asm
                    FSR2L   0x000fd9       data     extern E:\c18v3.46\pic18-lt\cxx-framework\src\traditional\proc\p18f4550.asm
                     FSR2   0x000fd9       data     extern E:\c18v3.46\pic18-lt\cxx-framework\src\traditional\proc\p18f4550.asm
                    FSR2H   0x000fda       data     extern E:\c18v3.46\pic18-lt\cxx-framework\src\traditional\proc\p18f4550.asm
                   PLUSW2   0x000fdb       data     extern E:\c18v3.46\pic18-lt\cxx-framework\src\traditional\proc\p18f4550.asm
                  PREINC2   0x000fdc       data     extern E:\c18v3.46\pic18-lt\cxx-framework\src\traditional\proc\p18f4550.asm
                 POSTDEC2   0x000fdd       data     extern E:\c18v3.46\pic18-lt\cxx-framework\src\traditional\proc\p18f4550.asm
                 POSTINC2   0x000fde       data     extern E:\c18v3.46\pic18-lt\cxx-framework\src\traditional\proc\p18f4550.asm
                    INDF2   0x000fdf       data     extern E:\c18v3.46\pic18-lt\cxx-framework\src\traditional\proc\p18f4550.asm
                      BSR   0x000fe0       data     extern E:\c18v3.46\pic18-lt\cxx-framework\src\traditional\proc\p18f4550.asm
                     FSR1   0x000fe1       data     extern E:\c18v3.46\pic18-lt\cxx-framework\src\traditional\proc\p18f4550.asm
                    FSR1L   0x000fe1       data     extern E:\c18v3.46\pic18-lt\cxx-framework\src\traditional\proc\p18f4550.asm
                    FSR1H   0x000fe2       data     extern E:\c18v3.46\pic18-lt\cxx-framework\src\traditional\proc\p18f4550.asm
                   PLUSW1   0x000fe3       data     extern E:\c18v3.46\pic18-lt\cxx-framework\src\traditional\proc\p18f4550.asm
                  PREINC1   0x000fe4       data     extern E:\c18v3.46\pic18-lt\cxx-framework\src\traditional\proc\p18f4550.asm
                 POSTDEC1   0x000fe5       data     extern E:\c18v3.46\pic18-lt\cxx-framework\src\traditional\proc\p18f4550.asm
                 POSTINC1   0x000fe6       data     extern E:\c18v3.46\pic18-lt\cxx-framework\src\traditional\proc\p18f4550.asm
                    INDF1   0x000fe7       data     extern E:\c18v3.46\pic18-lt\cxx-framework\src\traditional\proc\p18f4550.asm
                     WREG   0x000fe8       data     extern E:\c18v3.46\pic18-lt\cxx-framework\src\traditional\proc\p18f4550.asm
                     FSR0   0x000fe9       data     extern E:\c18v3.46\pic18-lt\cxx-framework\src\traditional\proc\p18f4550.asm
                    FSR0L   0x000fe9       data     extern E:\c18v3.46\pic18-lt\cxx-framework\src\traditional\proc\p18f4550.asm
                    FSR0H   0x000fea       data     extern E:\c18v3.46\pic18-lt\cxx-framework\src\traditional\proc\p18f4550.asm
                   PLUSW0   0x000feb       data     extern E:\c18v3.46\pic18-lt\cxx-framework\src\traditional\proc\p18f4550.asm
                  PREINC0   0x000fec       data     extern E:\c18v3.46\pic18-lt\cxx-framework\src\traditional\proc\p18f4550.asm
                 POSTDEC0   0x000fed       data     extern E:\c18v3.46\pic18-lt\cxx-framework\src\traditional\proc\p18f4550.asm
                 POSTINC0   0x000fee       data     extern E:\c18v3.46\pic18-lt\cxx-framework\src\traditional\proc\p18f4550.asm
                    INDF0   0x000fef       data     extern E:\c18v3.46\pic18-lt\cxx-framework\src\traditional\proc\p18f4550.asm
              INTCON3bits   0x000ff0       data     extern E:\c18v3.46\pic18-lt\cxx-framework\src\traditional\proc\p18f4550.asm
                  INTCON3   0x000ff0       data     extern E:\c18v3.46\pic18-lt\cxx-framework\src\traditional\proc\p18f4550.asm
              INTCON2bits   0x000ff1       data     extern E:\c18v3.46\pic18-lt\cxx-framework\src\traditional\proc\p18f4550.asm
                  INTCON2   0x000ff1       data     extern E:\c18v3.46\pic18-lt\cxx-framework\src\traditional\proc\p18f4550.asm
               INTCONbits   0x000ff2       data     extern E:\c18v3.46\pic18-lt\cxx-framework\src\traditional\proc\p18f4550.asm
                   INTCON   0x000ff2       data     extern E:\c18v3.46\pic18-lt\cxx-framework\src\traditional\proc\p18f4550.asm
                    PRODL   0x000ff3       data     extern E:\c18v3.46\pic18-lt\cxx-framework\src\traditional\proc\p18f4550.asm
                     PROD   0x000ff3       data     extern E:\c18v3.46\pic18-lt\cxx-framework\src\traditional\proc\p18f4550.asm
                    PRODH   0x000ff4       data     extern E:\c18v3.46\pic18-lt\cxx-framework\src\traditional\proc\p18f4550.asm
                   TABLAT   0x000ff5       data     extern E:\c18v3.46\pic18-lt\cxx-framework\src\traditional\proc\p18f4550.asm
                  TBLPTRL   0x000ff6       data     extern E:\c18v3.46\pic18-lt\cxx-framework\src\traditional\proc\p18f4550.asm
                   TBLPTR   0x000ff6       data     extern E:\c18v3.46\pic18-lt\cxx-framework\src\traditional\proc\p18f4550.asm
                  TBLPTRH   0x000ff7       data     extern E:\c18v3.46\pic18-lt\cxx-framework\src\traditional\proc\p18f4550.asm
                  TBLPTRU   0x000ff8       data     extern E:\c18v3.46\pic18-lt\cxx-framework\src\traditional\proc\p18f4550.asm
                       PC   0x000ff9       data     extern E:\c18v3.46\pic18-lt\cxx-framework\src\traditional\proc\p18f4550.asm
                      PCL   0x000ff9       data     extern E:\c18v3.46\pic18-lt\cxx-framework\src\traditional\proc\p18f4550.asm
                   PCLATH   0x000ffa       data     extern E:\c18v3.46\pic18-lt\cxx-framework\src\traditional\proc\p18f4550.asm
                   PCLATU   0x000ffb       data     extern E:\c18v3.46\pic18-lt\cxx-framework\src\traditional\proc\p18f4550.asm
                   STKPTR   0x000ffc       data     extern E:\c18v3.46\pic18-lt\cxx-framework\src\traditional\proc\p18f4550.asm
               STKPTRbits   0x000ffc       data     extern E:\c18v3.46\pic18-lt\cxx-framework\src\traditional\proc\p18f4550.asm
                      TOS   0x000ffd       data     extern E:\c18v3.46\pic18-lt\cxx-framework\src\traditional\proc\p18f4550.asm
                     TOSL   0x000ffd       data     extern E:\c18v3.46\pic18-lt\cxx-framework\src\traditional\proc\p18f4550.asm
                     TOSH   0x000ffe       data     extern E:\c18v3.46\pic18-lt\cxx-framework\src\traditional\proc\p18f4550.asm
                     TOSU   0x000fff       data     extern E:\c18v3.46\pic18-lt\cxx-framework\src\traditional\proc\p18f4550.asm


